******************************************************************************
            TI ARM Clang Linker PC v4.0.4                      
******************************************************************************
>> Linked Tue Jun 30 18:33:41 2026

OUTPUT FILE NAME:   <read_yaw.out>
ENTRY POINT SYMBOL: "_c_int00_noargs"  address: 0000334d


MEMORY CONFIGURATION

         name            origin    length      used     unused   attr    fill
----------------------  --------  ---------  --------  --------  ----  --------
  FLASH                 00000000   00020000  00004c88  0001b378  R  X
  SRAM                  20200000   00008000  00000695  0000796b  RW X
  BCR_CONFIG            41c00000   000000ff  00000000  000000ff  R   
  BSL_CONFIG            41c00100   00000080  00000000  00000080  R   


SEGMENT ALLOCATION MAP

run origin  load origin   length   init length attrs members
----------  ----------- ---------- ----------- ----- -------
00000000    00000000    00004c88   00004c88    r-x
  00000000    00000000    000000c0   000000c0    r-- .intvecs
  000000c0    000000c0    00003398   00003398    r-x .text
  00003458    00003458    00001800   00001800    r-- .rodata
  00004c58    00004c58    00000030   00000030    r-- .cinit
20200000    20200000    00000498   00000000    rw-
  20200000    20200000    00000491   00000000    rw- .bss
  20200494    20200494    00000004   00000000    rw- .data
20207e00    20207e00    00000200   00000000    rw-
  20207e00    20207e00    00000200   00000000    rw- .stack


SECTION ALLOCATION MAP

 output                                  attributes/
section   page    origin      length       input sections
--------  ----  ----------  ----------   ----------------
.intvecs   0    00000000    000000c0     
                  00000000    000000c0     startup_mspm0g350x_ticlang.o (.intvecs)

.text      0    000000c0    00003398     
                  000000c0    000015f4     oled.o (.text.OLED_Init)
                  000016b4    00000a90     oled.o (.text.OLED_Clear)
                  00002144    00000250     oled.o (.text.OLED_Refresh)
                  00002394    00000250     oled.o (.text.OLED_ShowNum)
                  000025e4    000001a0     oled.o (.text.OLED_ShowChar)
                  00002784    0000011a     empty.o (.text.OLED_ShowSignedFloat)
                  0000289e    00000002     startup_mspm0g350x_ticlang.o (.text.Default_Handler)
                  000028a0    00000110     gyro.o (.text.GYRO_Poll)
                  000029b0    000000d8     libclang_rt.builtins.a : addsf3.S.obj (.text)
                  00002a88    0000009a     libc.a : memcpy16.S.obj (.text:memcpy)
                  00002b22    00000002     libclang_rt.builtins.a : aeabi_div0.c.obj (.text.__aeabi_idiv0)
                  00002b24    0000008c                            : mulsf3.S.obj (.text.__mulsf3)
                  00002bb0    00000088     empty.o (.text.display_update)
                  00002c38    0000007c     libc.a : copy_decompress_lzss.c.obj (.text:decompress:lzss)
                  00002cb4    00000070     empty.o (.text.main)
                  00002d24    00000062     libclang_rt.builtins.a : aeabi_fcmp.S.obj (.text.__aeabi_fcmp)
                  00002d86    00000062     libc.a : memset16.S.obj (.text:memset)
                  00002de8    00000060     oled.o (.text.OLED_ShowString)
                  00002e48    00000060     ti_msp_dl_config.o (.text.SYSCFG_DL_UART_0_init)
                  00002ea8    00000060     ti_msp_dl_config.o (.text.SYSCFG_DL_UART_2_init)
                  00002f08    0000005e     driverlib.a : dl_i2c.o (.text.DL_I2C_fillControllerTXFIFO)
                  00002f66    00000002     --HOLE-- [fill = 0]
                  00002f68    00000054     ti_msp_dl_config.o (.text.SYSCFG_DL_GPIO_init)
                  00002fbc    00000054     ti_msp_dl_config.o (.text.SYSCFG_DL_OLED_init)
                  00003010    00000048     driverlib.a : dl_uart.o (.text.DL_UART_init)
                  00003058    00000048     ti_msp_dl_config.o (.text.SYSCFG_DL_initPower)
                  000030a0    00000040     ti_msp_dl_config.o (.text.SYSCFG_DL_SYSCTL_init)
                  000030e0    00000040     libclang_rt.builtins.a : aeabi_uidivmod.S.obj (.text.__aeabi_uidivmod)
                  00003120    00000040     delay.o (.text.delay_ms)
                  00003160    0000003c     libclang_rt.builtins.a : floatsisf.S.obj (.text.__floatsisf)
                  0000319c    0000003c                            : comparesf2.S.obj (.text.__gtsf2)
                  000031d8    0000003c     libc.a : autoinit.c.obj (.text:__TI_auto_init_nobinit_nopinit)
                  00003214    0000003a     libclang_rt.builtins.a : comparesf2.S.obj (.text.__eqsf2)
                  0000324e    00000002     --HOLE-- [fill = 0]
                  00003250    0000003a                            : muldsi3.S.obj (.text.__muldsi3)
                  0000328a    00000002     --HOLE-- [fill = 0]
                  0000328c    00000038                            : fixsfsi.S.obj (.text.__fixsfsi)
                  000032c4    00000032                            : fixunssfsi.S.obj (.text.__fixunssfsi)
                  000032f6    00000002     --HOLE-- [fill = 0]
                  000032f8    0000002c     gyro.o (.text.GYRO_Init)
                  00003324    00000028     libclang_rt.builtins.a : floatunsisf.S.obj (.text.__floatunsisf)
                  0000334c    00000028     libc.a : boot_cortex_m.c.obj (.text:_c_int00_noargs)
                  00003374    00000026     driverlib.a : dl_i2c.o (.text.DL_I2C_setClockConfig)
                  0000339a    00000020     ti_msp_dl_config.o (.text.SYSCFG_DL_init)
                  000033ba    00000002     --HOLE-- [fill = 0]
                  000033bc    0000001c     ti_msp_dl_config.o (.text.SYSCFG_DL_SYSTICK_init)
                  000033d8    00000012     driverlib.a : dl_uart.o (.text.DL_UART_setClockConfig)
                  000033ea    00000012     libc.a : copy_decompress_none.c.obj (.text:decompress:none)
                  000033fc    00000010            : copy_zero_init.c.obj (.text:decompress:ZI)
                  0000340c    0000000c     gyro.o (.text.GYRO_GetWz)
                  00003418    0000000c     gyro.o (.text.GYRO_GetYaw)
                  00003424    0000000c     libclang_rt.builtins.a : aeabi_memset.S.obj (.text.__aeabi_memclr)
                  00003430    0000000a     driverlib.a : dl_common.o (.text.DL_Common_delayCycles)
                  0000343a    00000002     --HOLE-- [fill = 0]
                  0000343c    00000008     libclang_rt.builtins.a : aeabi_memcpy.S.obj (.text.__aeabi_memcpy)
                  00003444    00000006     libc.a : exit.c.obj (.text:abort)
                  0000344a    00000004     libsysbm.a : hostexit.c.obj (.text.HOSTexit)
                  0000344e    00000004     startup_mspm0g350x_ticlang.o (.text.Reset_Handler)
                  00003452    00000004     libc.a : pre_init.c.obj (.text._system_pre_init)
                  00003456    00000002     --HOLE-- [fill = 0]

.cinit     0    00004c58    00000030     
                  00004c58    0000000c     (__TI_handler_table)
                  00004c64    00000008     (.cinit..bss.load) [load image, compression = zero_init]
                  00004c6c    00000007     (.cinit..data.load) [load image, compression = lzss]
                  00004c73    00000001     --HOLE-- [fill = 0]
                  00004c74    00000010     (__TI_cinit_table)
                  00004c84    00000004     --HOLE-- [fill = 0]

.rodata    0    00003458    00001800     
                  00003458    00000d5c     oled.o (.rodata.asc2_2412)
                  000041b4    000005f0     oled.o (.rodata.asc2_1608)
                  000047a4    00000474     oled.o (.rodata.asc2_1206)
                  00004c18    0000000d     empty.o (.rodata.str1.11898133897667081452.1)
                  00004c25    00000001     --HOLE-- [fill = 0]
                  00004c26    0000000a     ti_msp_dl_config.o (.rodata.gUART_0Config)
                  00004c30    0000000a     ti_msp_dl_config.o (.rodata.gUART_2Config)
                  00004c3a    0000000a     empty.o (.rodata.str1.9517790425240694019.1)
                  00004c44    00000004     empty.o (.rodata.str1.14685083708502177989.1)
                  00004c48    00000003     empty.o (.rodata.str1.17669528882079347314.1)
                  00004c4b    00000003     empty.o (.rodata.str1.254342170260855183.1)
                  00004c4e    00000002     ti_msp_dl_config.o (.rodata.gOLEDClockConfig)
                  00004c50    00000002     ti_msp_dl_config.o (.rodata.gUART_0ClockConfig)
                  00004c52    00000002     ti_msp_dl_config.o (.rodata.gUART_2ClockConfig)
                  00004c54    00000004     --HOLE-- [fill = 0]

.init_array 
*          0    00000000    00000000     UNINITIALIZED

.binit     0    00000000    00000000     

.bss       0    20200000    00000491     UNINITIALIZED
                  20200000    00000480     (.common:OLED_GRAM)
                  20200480    00000004     gyro.o (.bss.gyro_data.0)
                  20200484    00000004     gyro.o (.bss.gyro_data.1)
                  20200488    00000001     gyro.o (.bss.frame_dh)
                  20200489    00000001     gyro.o (.bss.frame_dl)
                  2020048a    00000001     gyro.o (.bss.frame_type)
                  2020048b    00000001     gyro.o (.bss.state)
                  2020048c    00000001     gyro.o (.bss.gyro_data.4)
                  2020048d    00000003     --HOLE--
                  20200490    00000001     gyro.o (.bss.gyro_data.5)

.data      0    20200494    00000004     UNINITIALIZED
                  20200494    00000004     empty.o (.data.main.loop_cnt)

.stack     0    20207e00    00000200     UNINITIALIZED
                  20207e00    00000004     libc.a : boot_cortex_m.c.obj (.stack)
                  20207e04    000001fc     --HOLE--

__llvm_prf_cnts 
*          0    20200000    00000000     UNINITIALIZED

__llvm_prf_bits 
*          0    20200000    00000000     UNINITIALIZED

MODULE SUMMARY

       Module                         code    ro data   rw data
       ------                         ----    -------   -------
    .\
       oled.o                         10020   6080      1152   
       ti_msp_dl_config.o             556     26        0      
       empty.o                        530     33        4      
       gyro.o                         340     0         14     
       startup_mspm0g350x_ticlang.o   6       192       0      
       delay.o                        64      0         0      
    +--+------------------------------+-------+---------+---------+
       Total:                         11516   6331      1170   
                                                               
    D:/ti/mspm0_sdk_2_10_00_04/source/ti/driverlib/lib/ticlang/m0p/mspm0g1x0x_g3x0x/driverlib.a
       dl_i2c.o                       132     0         0      
       dl_uart.o                      90      0         0      
       dl_common.o                    10      0         0      
    +--+------------------------------+-------+---------+---------+
       Total:                         232     0         0      
                                                               
    D:\ti\ccs2050\ccs\tools\compiler\ti-cgt-armllvm_4.0.4.LTS\lib\armv6m-ti-none-eabi/c/libc.a
       memcpy16.S.obj                 154     0         0      
       copy_decompress_lzss.c.obj     124     0         0      
       memset16.S.obj                 98      0         0      
       autoinit.c.obj                 60      0         0      
       boot_cortex_m.c.obj            40      0         0      
       copy_decompress_none.c.obj     18      0         0      
       copy_zero_init.c.obj           16      0         0      
       exit.c.obj                     6       0         0      
       pre_init.c.obj                 4       0         0      
    +--+------------------------------+-------+---------+---------+
       Total:                         520     0         0      
                                                               
    D:\ti\ccs2050\ccs\tools\compiler\ti-cgt-armllvm_4.0.4.LTS\lib\armv6m-ti-none-eabi/c/libsysbm.a
       hostexit.c.obj                 4       0         0      
    +--+------------------------------+-------+---------+---------+
       Total:                         4       0         0      
                                                               
    D:\ti\ccs2050\ccs\tools\compiler\ti-cgt-armllvm_4.0.4.LTS\lib\armv6m-ti-none-eabi/libclang_rt.builtins.a
       addsf3.S.obj                   216     0         0      
       mulsf3.S.obj                   140     0         0      
       comparesf2.S.obj               118     0         0      
       aeabi_fcmp.S.obj               98      0         0      
       aeabi_uidivmod.S.obj           64      0         0      
       floatsisf.S.obj                60      0         0      
       muldsi3.S.obj                  58      0         0      
       fixsfsi.S.obj                  56      0         0      
       fixunssfsi.S.obj               50      0         0      
       floatunsisf.S.obj              40      0         0      
       aeabi_memset.S.obj             12      0         0      
       aeabi_memcpy.S.obj             8       0         0      
       aeabi_div0.c.obj               2       0         0      
    +--+------------------------------+-------+---------+---------+
       Total:                         922     0         0      
                                                               
       Stack:                         0       0         512    
       Linker Generated:              0       43        0      
    +--+------------------------------+-------+---------+---------+
       Grand Total:                   13194   6374      1682   


LINKER GENERATED COPY TABLES

__TI_cinit_table @ 00004c74 records: 2, size/record: 8, table size: 16
	.bss: load addr=00004c64, load size=00000008 bytes, run addr=20200000, run size=00000491 bytes, compression=zero_init
	.data: load addr=00004c6c, load size=00000007 bytes, run addr=20200494, run size=00000004 bytes, compression=lzss


LINKER GENERATED HANDLER TABLE

__TI_handler_table @ 00004c58 records: 3, size/record: 4, table size: 12
	index: 0, handler: __TI_decompress_lzss
	index: 1, handler: __TI_decompress_none
	index: 2, handler: __TI_zero_init


GLOBAL SYMBOLS: SORTED ALPHABETICALLY BY Name 

address   name                          
-------   ----                          
0000289f  ADC0_IRQHandler               
0000289f  ADC1_IRQHandler               
0000289f  AES_IRQHandler                
0000344a  C$$EXIT                       
0000289f  CANFD0_IRQHandler             
0000289f  DAC0_IRQHandler               
00003431  DL_Common_delayCycles         
00002f09  DL_I2C_fillControllerTXFIFO   
00003375  DL_I2C_setClockConfig         
00003011  DL_UART_init                  
000033d9  DL_UART_setClockConfig        
0000289f  DMA_IRQHandler                
0000289f  Default_Handler               
0000289f  GROUP0_IRQHandler             
0000289f  GROUP1_IRQHandler             
0000340d  GYRO_GetWz                    
00003419  GYRO_GetYaw                   
000032f9  GYRO_Init                     
000028a1  GYRO_Poll                     
0000344b  HOSTexit                      
0000289f  HardFault_Handler             
0000289f  I2C0_IRQHandler               
0000289f  I2C1_IRQHandler               
0000289f  NMI_Handler                   
000016b5  OLED_Clear                    
20200000  OLED_GRAM                     
000000c1  OLED_Init                     
00002145  OLED_Refresh                  
000025e5  OLED_ShowChar                 
00002395  OLED_ShowNum                  
00002de9  OLED_ShowString               
0000289f  PendSV_Handler                
0000289f  RTC_IRQHandler                
0000344f  Reset_Handler                 
0000289f  SPI0_IRQHandler               
0000289f  SPI1_IRQHandler               
0000289f  SVC_Handler                   
00002f69  SYSCFG_DL_GPIO_init           
00002fbd  SYSCFG_DL_OLED_init           
000030a1  SYSCFG_DL_SYSCTL_init         
000033bd  SYSCFG_DL_SYSTICK_init        
00002e49  SYSCFG_DL_UART_0_init         
00002ea9  SYSCFG_DL_UART_2_init         
0000339b  SYSCFG_DL_init                
00003059  SYSCFG_DL_initPower           
0000289f  SysTick_Handler               
0000289f  TIMA0_IRQHandler              
0000289f  TIMA1_IRQHandler              
0000289f  TIMG0_IRQHandler              
0000289f  TIMG12_IRQHandler             
0000289f  TIMG6_IRQHandler              
0000289f  TIMG7_IRQHandler              
0000289f  TIMG8_IRQHandler              
0000289f  UART0_IRQHandler              
0000289f  UART1_IRQHandler              
0000289f  UART2_IRQHandler              
0000289f  UART3_IRQHandler              
20208000  __STACK_END                   
00000200  __STACK_SIZE                  
00000000  __TI_ATRegion0_region_sz      
00000000  __TI_ATRegion0_src_addr       
00000000  __TI_ATRegion0_trg_addr       
00000000  __TI_ATRegion1_region_sz      
00000000  __TI_ATRegion1_src_addr       
00000000  __TI_ATRegion1_trg_addr       
00000000  __TI_ATRegion2_region_sz      
00000000  __TI_ATRegion2_src_addr       
00000000  __TI_ATRegion2_trg_addr       
00004c74  __TI_CINIT_Base               
00004c84  __TI_CINIT_Limit              
00004c84  __TI_CINIT_Warm               
00004c58  __TI_Handler_Table_Base       
00004c64  __TI_Handler_Table_Limit      
000031d9  __TI_auto_init_nobinit_nopinit
00002c39  __TI_decompress_lzss          
000033eb  __TI_decompress_none          
ffffffff  __TI_pprof_out_hndl           
ffffffff  __TI_prof_data_size           
ffffffff  __TI_prof_data_start          
00000000  __TI_static_base__            
000033fd  __TI_zero_init                
000029bb  __addsf3                      
0000328d  __aeabi_f2iz                  
000032c5  __aeabi_f2uiz                 
000029bb  __aeabi_fadd                  
00002d25  __aeabi_fcmpeq                
00002d61  __aeabi_fcmpge                
00002d75  __aeabi_fcmpgt                
00002d4d  __aeabi_fcmple                
00002d39  __aeabi_fcmplt                
00002b25  __aeabi_fmul                  
000029b1  __aeabi_fsub                  
00003161  __aeabi_i2f                   
00002b23  __aeabi_idiv0                 
00003425  __aeabi_memclr                
00003425  __aeabi_memclr4               
00003425  __aeabi_memclr8               
0000343d  __aeabi_memcpy                
0000343d  __aeabi_memcpy4               
0000343d  __aeabi_memcpy8               
00003325  __aeabi_ui2f                  
000030e1  __aeabi_uidiv                 
000030e1  __aeabi_uidivmod              
ffffffff  __binit__                     
00003215  __cmpsf2                      
00003215  __eqsf2                       
0000328d  __fixsfsi                     
000032c5  __fixunssfsi                  
00003161  __floatsisf                   
00003325  __floatunsisf                 
0000319d  __gesf2                       
0000319d  __gtsf2                       
00003215  __lesf2                       
00003215  __ltsf2                       
UNDEFED   __mpu_init                    
00003251  __muldsi3                     
00002b25  __mulsf3                      
00003215  __nesf2                       
20207e00  __stack                       
20200000  __start___llvm_prf_bits       
20200000  __start___llvm_prf_cnts       
20200000  __stop___llvm_prf_bits        
20200000  __stop___llvm_prf_cnts        
000029b1  __subsf3                      
0000334d  _c_int00_noargs               
UNDEFED   _system_post_cinit            
00003453  _system_pre_init              
00003445  abort                         
000047a4  asc2_1206                     
000041b4  asc2_1608                     
00003458  asc2_2412                     
ffffffff  binit                         
00003121  delay_ms                      
00000000  interruptVectors              
00002cb5  main                          
00002a89  memcpy                        
00002d87  memset                        


GLOBAL SYMBOLS: SORTED BY Symbol Address 

address   name                          
-------   ----                          
00000000  __TI_ATRegion0_region_sz      
00000000  __TI_ATRegion0_src_addr       
00000000  __TI_ATRegion0_trg_addr       
00000000  __TI_ATRegion1_region_sz      
00000000  __TI_ATRegion1_src_addr       
00000000  __TI_ATRegion1_trg_addr       
00000000  __TI_ATRegion2_region_sz      
00000000  __TI_ATRegion2_src_addr       
00000000  __TI_ATRegion2_trg_addr       
00000000  __TI_static_base__            
00000000  interruptVectors              
000000c1  OLED_Init                     
00000200  __STACK_SIZE                  
000016b5  OLED_Clear                    
00002145  OLED_Refresh                  
00002395  OLED_ShowNum                  
000025e5  OLED_ShowChar                 
0000289f  ADC0_IRQHandler               
0000289f  ADC1_IRQHandler               
0000289f  AES_IRQHandler                
0000289f  CANFD0_IRQHandler             
0000289f  DAC0_IRQHandler               
0000289f  DMA_IRQHandler                
0000289f  Default_Handler               
0000289f  GROUP0_IRQHandler             
0000289f  GROUP1_IRQHandler             
0000289f  HardFault_Handler             
0000289f  I2C0_IRQHandler               
0000289f  I2C1_IRQHandler               
0000289f  NMI_Handler                   
0000289f  PendSV_Handler                
0000289f  RTC_IRQHandler                
0000289f  SPI0_IRQHandler               
0000289f  SPI1_IRQHandler               
0000289f  SVC_Handler                   
0000289f  SysTick_Handler               
0000289f  TIMA0_IRQHandler              
0000289f  TIMA1_IRQHandler              
0000289f  TIMG0_IRQHandler              
0000289f  TIMG12_IRQHandler             
0000289f  TIMG6_IRQHandler              
0000289f  TIMG7_IRQHandler              
0000289f  TIMG8_IRQHandler              
0000289f  UART0_IRQHandler              
0000289f  UART1_IRQHandler              
0000289f  UART2_IRQHandler              
0000289f  UART3_IRQHandler              
000028a1  GYRO_Poll                     
000029b1  __aeabi_fsub                  
000029b1  __subsf3                      
000029bb  __addsf3                      
000029bb  __aeabi_fadd                  
00002a89  memcpy                        
00002b23  __aeabi_idiv0                 
00002b25  __aeabi_fmul                  
00002b25  __mulsf3                      
00002c39  __TI_decompress_lzss          
00002cb5  main                          
00002d25  __aeabi_fcmpeq                
00002d39  __aeabi_fcmplt                
00002d4d  __aeabi_fcmple                
00002d61  __aeabi_fcmpge                
00002d75  __aeabi_fcmpgt                
00002d87  memset                        
00002de9  OLED_ShowString               
00002e49  SYSCFG_DL_UART_0_init         
00002ea9  SYSCFG_DL_UART_2_init         
00002f09  DL_I2C_fillControllerTXFIFO   
00002f69  SYSCFG_DL_GPIO_init           
00002fbd  SYSCFG_DL_OLED_init           
00003011  DL_UART_init                  
00003059  SYSCFG_DL_initPower           
000030a1  SYSCFG_DL_SYSCTL_init         
000030e1  __aeabi_uidiv                 
000030e1  __aeabi_uidivmod              
00003121  delay_ms                      
00003161  __aeabi_i2f                   
00003161  __floatsisf                   
0000319d  __gesf2                       
0000319d  __gtsf2                       
000031d9  __TI_auto_init_nobinit_nopinit
00003215  __cmpsf2                      
00003215  __eqsf2                       
00003215  __lesf2                       
00003215  __ltsf2                       
00003215  __nesf2                       
00003251  __muldsi3                     
0000328d  __aeabi_f2iz                  
0000328d  __fixsfsi                     
000032c5  __aeabi_f2uiz                 
000032c5  __fixunssfsi                  
000032f9  GYRO_Init                     
00003325  __aeabi_ui2f                  
00003325  __floatunsisf                 
0000334d  _c_int00_noargs               
00003375  DL_I2C_setClockConfig         
0000339b  SYSCFG_DL_init                
000033bd  SYSCFG_DL_SYSTICK_init        
000033d9  DL_UART_setClockConfig        
000033eb  __TI_decompress_none          
000033fd  __TI_zero_init                
0000340d  GYRO_GetWz                    
00003419  GYRO_GetYaw                   
00003425  __aeabi_memclr                
00003425  __aeabi_memclr4               
00003425  __aeabi_memclr8               
00003431  DL_Common_delayCycles         
0000343d  __aeabi_memcpy                
0000343d  __aeabi_memcpy4               
0000343d  __aeabi_memcpy8               
00003445  abort                         
0000344a  C$$EXIT                       
0000344b  HOSTexit                      
0000344f  Reset_Handler                 
00003453  _system_pre_init              
00003458  asc2_2412                     
000041b4  asc2_1608                     
000047a4  asc2_1206                     
00004c58  __TI_Handler_Table_Base       
00004c64  __TI_Handler_Table_Limit      
00004c74  __TI_CINIT_Base               
00004c84  __TI_CINIT_Limit              
00004c84  __TI_CINIT_Warm               
20200000  OLED_GRAM                     
20200000  __start___llvm_prf_bits       
20200000  __start___llvm_prf_cnts       
20200000  __stop___llvm_prf_bits        
20200000  __stop___llvm_prf_cnts        
20207e00  __stack                       
20208000  __STACK_END                   
ffffffff  __TI_pprof_out_hndl           
ffffffff  __TI_prof_data_size           
ffffffff  __TI_prof_data_start          
ffffffff  __binit__                     
ffffffff  binit                         
UNDEFED   __mpu_init                    
UNDEFED   _system_post_cinit            

[137 symbols]
