<?xml version="1.0" encoding="ISO-8859-1" ?>
<link_info>
   <banner>TI ARM Clang Linker PC v4.0.4.LTS</banner>
   <copyright>Copyright (c) 1996-2018 Texas Instruments Incorporated</copyright>
   <command_line>D:\ti\ccs2050\ccs\tools\compiler\ti-cgt-armllvm_4.0.4.LTS\bin\tiarmlnk -ID:\ti\ccs2050\ccs\tools\compiler\ti-cgt-armllvm_4.0.4.LTS\lib -o turn.out -mturn.map -iD:/ti/mspm0_sdk_2_10_00_04/source -iC:/Users/hp/workspace_ccstheia/turn -iC:/Users/hp/workspace_ccstheia/turn/Debug/syscfg -iD:/ti/ccs2050/ccs/tools/compiler/ti-cgt-armllvm_4.0.4.LTS/lib --diag_wrap=off --display_error_number --warn_sections --xml_link_info=turn_linkInfo.xml --rom_model ./delay.o ./empty.o ./ti_msp_dl_config.o ./startup_mspm0g350x_ticlang.o ./gyro.o ./motor.o ./oled.o ./turn.o -l./device_linker.cmd -ldevice.cmd.genlibs -llibc.a --start-group -llibc++.a -llibc++abi.a -llibc.a -llibsys.a -llibsysbm.a -llibclang_rt.builtins.a -llibclang_rt.profile.a --end-group --cg_opt_level=2</command_line>
   <link_time>0x6a43b9ce</link_time>
   <link_errors>0x0</link_errors>
   <output_file>C:\Users\hp\workspace_ccstheia\turn\Debug\turn.out</output_file>
   <entry_point>
      <name>_c_int00_noargs</name>
      <address>0x38e9</address>
   </entry_point>
   <input_file_list>
      <input_file id="fl-1">
         <path>C:\Users\hp\workspace_ccstheia\turn\Debug\.\</path>
         <kind>object</kind>
         <file>delay.o</file>
         <name>delay.o</name>
      </input_file>
      <input_file id="fl-2">
         <path>C:\Users\hp\workspace_ccstheia\turn\Debug\.\</path>
         <kind>object</kind>
         <file>empty.o</file>
         <name>empty.o</name>
      </input_file>
      <input_file id="fl-3">
         <path>C:\Users\hp\workspace_ccstheia\turn\Debug\.\</path>
         <kind>object</kind>
         <file>ti_msp_dl_config.o</file>
         <name>ti_msp_dl_config.o</name>
      </input_file>
      <input_file id="fl-4">
         <path>C:\Users\hp\workspace_ccstheia\turn\Debug\.\</path>
         <kind>object</kind>
         <file>startup_mspm0g350x_ticlang.o</file>
         <name>startup_mspm0g350x_ticlang.o</name>
      </input_file>
      <input_file id="fl-5">
         <path>C:\Users\hp\workspace_ccstheia\turn\Debug\.\</path>
         <kind>object</kind>
         <file>gyro.o</file>
         <name>gyro.o</name>
      </input_file>
      <input_file id="fl-6">
         <path>C:\Users\hp\workspace_ccstheia\turn\Debug\.\</path>
         <kind>object</kind>
         <file>motor.o</file>
         <name>motor.o</name>
      </input_file>
      <input_file id="fl-7">
         <path>C:\Users\hp\workspace_ccstheia\turn\Debug\.\</path>
         <kind>object</kind>
         <file>oled.o</file>
         <name>oled.o</name>
      </input_file>
      <input_file id="fl-8">
         <path>C:\Users\hp\workspace_ccstheia\turn\Debug\.\</path>
         <kind>object</kind>
         <file>turn.o</file>
         <name>turn.o</name>
      </input_file>
      <input_file id="fl-15">
         <path>C:\Users\hp\workspace_ccstheia\turn\Debug\</path>
         <kind>object</kind>
         <file>&lt;internal&gt;</file>
         <name>&lt;internal&gt;</name>
      </input_file>
      <input_file id="fl-16">
         <path>D:\ti\mspm0_sdk_2_10_00_04\source\ti\driverlib\lib\ticlang\m0p\mspm0g1x0x_g3x0x\</path>
         <kind>archive</kind>
         <file>driverlib.a</file>
         <name>dl_common.o</name>
      </input_file>
      <input_file id="fl-17">
         <path>D:\ti\mspm0_sdk_2_10_00_04\source\ti\driverlib\lib\ticlang\m0p\mspm0g1x0x_g3x0x\</path>
         <kind>archive</kind>
         <file>driverlib.a</file>
         <name>dl_i2c.o</name>
      </input_file>
      <input_file id="fl-18">
         <path>D:\ti\mspm0_sdk_2_10_00_04\source\ti\driverlib\lib\ticlang\m0p\mspm0g1x0x_g3x0x\</path>
         <kind>archive</kind>
         <file>driverlib.a</file>
         <name>dl_timer.o</name>
      </input_file>
      <input_file id="fl-19">
         <path>D:\ti\mspm0_sdk_2_10_00_04\source\ti\driverlib\lib\ticlang\m0p\mspm0g1x0x_g3x0x\</path>
         <kind>archive</kind>
         <file>driverlib.a</file>
         <name>dl_uart.o</name>
      </input_file>
      <input_file id="fl-30">
         <path>D:\ti\ccs2050\ccs\tools\compiler\ti-cgt-armllvm_4.0.4.LTS\lib\armv6m-ti-none-eabi\c\</path>
         <kind>archive</kind>
         <file>libc.a</file>
         <name>boot_cortex_m.c.obj</name>
      </input_file>
      <input_file id="fl-31">
         <path>D:\ti\ccs2050\ccs\tools\compiler\ti-cgt-armllvm_4.0.4.LTS\lib\armv6m-ti-none-eabi\c\</path>
         <kind>archive</kind>
         <file>libc.a</file>
         <name>mathacl_init.c.obj</name>
      </input_file>
      <input_file id="fl-32">
         <path>D:\ti\ccs2050\ccs\tools\compiler\ti-cgt-armllvm_4.0.4.LTS\lib\armv6m-ti-none-eabi\c\</path>
         <kind>archive</kind>
         <file>libc.a</file>
         <name>autoinit.c.obj</name>
      </input_file>
      <input_file id="fl-33">
         <path>D:\ti\ccs2050\ccs\tools\compiler\ti-cgt-armllvm_4.0.4.LTS\lib\armv6m-ti-none-eabi\c\</path>
         <kind>archive</kind>
         <file>libc.a</file>
         <name>pre_init.c.obj</name>
      </input_file>
      <input_file id="fl-34">
         <path>D:\ti\ccs2050\ccs\tools\compiler\ti-cgt-armllvm_4.0.4.LTS\lib\armv6m-ti-none-eabi\c\</path>
         <kind>archive</kind>
         <file>libc.a</file>
         <name>cpy_tbl.c.obj</name>
      </input_file>
      <input_file id="fl-35">
         <path>D:\ti\ccs2050\ccs\tools\compiler\ti-cgt-armllvm_4.0.4.LTS\lib\armv6m-ti-none-eabi\c\</path>
         <kind>archive</kind>
         <file>libc.a</file>
         <name>copy_zero_init.c.obj</name>
      </input_file>
      <input_file id="fl-36">
         <path>D:\ti\ccs2050\ccs\tools\compiler\ti-cgt-armllvm_4.0.4.LTS\lib\armv6m-ti-none-eabi\c\</path>
         <kind>archive</kind>
         <file>libc.a</file>
         <name>copy_decompress_none.c.obj</name>
      </input_file>
      <input_file id="fl-37">
         <path>D:\ti\ccs2050\ccs\tools\compiler\ti-cgt-armllvm_4.0.4.LTS\lib\armv6m-ti-none-eabi\c\</path>
         <kind>archive</kind>
         <file>libc.a</file>
         <name>copy_decompress_lzss.c.obj</name>
      </input_file>
      <input_file id="fl-38">
         <path>D:\ti\ccs2050\ccs\tools\compiler\ti-cgt-armllvm_4.0.4.LTS\lib\armv6m-ti-none-eabi\c\</path>
         <kind>archive</kind>
         <file>libc.a</file>
         <name>exit.c.obj</name>
      </input_file>
      <input_file id="fl-39">
         <path>D:\ti\ccs2050\ccs\tools\compiler\ti-cgt-armllvm_4.0.4.LTS\lib\armv6m-ti-none-eabi\c\</path>
         <kind>archive</kind>
         <file>libc.a</file>
         <name>_lock.c.obj</name>
      </input_file>
      <input_file id="fl-3a">
         <path>D:\ti\ccs2050\ccs\tools\compiler\ti-cgt-armllvm_4.0.4.LTS\lib\armv6m-ti-none-eabi\c\</path>
         <kind>archive</kind>
         <file>libc.a</file>
         <name>args_main.c.obj</name>
      </input_file>
      <input_file id="fl-da">
         <path>D:\ti\ccs2050\ccs\tools\compiler\ti-cgt-armllvm_4.0.4.LTS\lib\armv6m-ti-none-eabi\c\</path>
         <kind>archive</kind>
         <file>libsysbm.a</file>
         <name>hostexit.c.obj</name>
      </input_file>
      <input_file id="fl-db">
         <path>D:\ti\ccs2050\ccs\tools\compiler\ti-cgt-armllvm_4.0.4.LTS\lib\armv6m-ti-none-eabi\</path>
         <kind>archive</kind>
         <file>libclang_rt.builtins.a</file>
         <name>addsf3.S.obj</name>
      </input_file>
      <input_file id="fl-dc">
         <path>D:\ti\ccs2050\ccs\tools\compiler\ti-cgt-armllvm_4.0.4.LTS\lib\armv6m-ti-none-eabi\</path>
         <kind>archive</kind>
         <file>libclang_rt.builtins.a</file>
         <name>mulsf3.S.obj</name>
      </input_file>
      <input_file id="fl-dd">
         <path>D:\ti\ccs2050\ccs\tools\compiler\ti-cgt-armllvm_4.0.4.LTS\lib\armv6m-ti-none-eabi\</path>
         <kind>archive</kind>
         <file>libclang_rt.builtins.a</file>
         <name>fixsfsi.S.obj</name>
      </input_file>
      <input_file id="fl-de">
         <path>D:\ti\ccs2050\ccs\tools\compiler\ti-cgt-armllvm_4.0.4.LTS\lib\armv6m-ti-none-eabi\</path>
         <kind>archive</kind>
         <file>libclang_rt.builtins.a</file>
         <name>fixunssfsi.S.obj</name>
      </input_file>
      <input_file id="fl-df">
         <path>D:\ti\ccs2050\ccs\tools\compiler\ti-cgt-armllvm_4.0.4.LTS\lib\armv6m-ti-none-eabi\</path>
         <kind>archive</kind>
         <file>libclang_rt.builtins.a</file>
         <name>floatsisf.S.obj</name>
      </input_file>
      <input_file id="fl-e0">
         <path>D:\ti\ccs2050\ccs\tools\compiler\ti-cgt-armllvm_4.0.4.LTS\lib\armv6m-ti-none-eabi\</path>
         <kind>archive</kind>
         <file>libclang_rt.builtins.a</file>
         <name>floatunsisf.S.obj</name>
      </input_file>
      <input_file id="fl-e1">
         <path>D:\ti\ccs2050\ccs\tools\compiler\ti-cgt-armllvm_4.0.4.LTS\lib\armv6m-ti-none-eabi\</path>
         <kind>archive</kind>
         <file>libclang_rt.builtins.a</file>
         <name>aeabi_fcmp.S.obj</name>
      </input_file>
      <input_file id="fl-e2">
         <path>D:\ti\ccs2050\ccs\tools\compiler\ti-cgt-armllvm_4.0.4.LTS\lib\armv6m-ti-none-eabi\</path>
         <kind>archive</kind>
         <file>libclang_rt.builtins.a</file>
         <name>aeabi_idivmod.S.obj</name>
      </input_file>
      <input_file id="fl-e3">
         <path>D:\ti\ccs2050\ccs\tools\compiler\ti-cgt-armllvm_4.0.4.LTS\lib\armv6m-ti-none-eabi\</path>
         <kind>archive</kind>
         <file>libclang_rt.builtins.a</file>
         <name>aeabi_memcpy.S.obj</name>
      </input_file>
      <input_file id="fl-e4">
         <path>D:\ti\ccs2050\ccs\tools\compiler\ti-cgt-armllvm_4.0.4.LTS\lib\armv6m-ti-none-eabi\</path>
         <kind>archive</kind>
         <file>libclang_rt.builtins.a</file>
         <name>aeabi_memset.S.obj</name>
      </input_file>
      <input_file id="fl-e5">
         <path>D:\ti\ccs2050\ccs\tools\compiler\ti-cgt-armllvm_4.0.4.LTS\lib\armv6m-ti-none-eabi\</path>
         <kind>archive</kind>
         <file>libclang_rt.builtins.a</file>
         <name>aeabi_uidivmod.S.obj</name>
      </input_file>
      <input_file id="fl-e6">
         <path>D:\ti\ccs2050\ccs\tools\compiler\ti-cgt-armllvm_4.0.4.LTS\lib\armv6m-ti-none-eabi\</path>
         <kind>archive</kind>
         <file>libclang_rt.builtins.a</file>
         <name>comparesf2.S.obj</name>
      </input_file>
      <input_file id="fl-e7">
         <path>D:\ti\ccs2050\ccs\tools\compiler\ti-cgt-armllvm_4.0.4.LTS\lib\armv6m-ti-none-eabi\</path>
         <kind>archive</kind>
         <file>libclang_rt.builtins.a</file>
         <name>muldsi3.S.obj</name>
      </input_file>
      <input_file id="fl-e8">
         <path>D:\ti\ccs2050\ccs\tools\compiler\ti-cgt-armllvm_4.0.4.LTS\lib\armv6m-ti-none-eabi\</path>
         <kind>archive</kind>
         <file>libclang_rt.builtins.a</file>
         <name>aeabi_div0.c.obj</name>
      </input_file>
      <input_file id="fl-e9">
         <path>D:\ti\ccs2050\ccs\tools\compiler\ti-cgt-armllvm_4.0.4.LTS\lib\armv6m-ti-none-eabi\c\</path>
         <kind>archive</kind>
         <file>libc.a</file>
         <name>memcpy16.S.obj</name>
      </input_file>
      <input_file id="fl-ea">
         <path>D:\ti\ccs2050\ccs\tools\compiler\ti-cgt-armllvm_4.0.4.LTS\lib\armv6m-ti-none-eabi\c\</path>
         <kind>archive</kind>
         <file>libc.a</file>
         <name>memset16.S.obj</name>
      </input_file>
   </input_file_list>
   <object_component_list>
      <object_component id="oc-18">
         <name>.intvecs</name>
         <load_address>0x0</load_address>
         <readonly>true</readonly>
         <run_address>0x0</run_address>
         <size>0xc0</size>
         <alignment>0x4</alignment>
         <input_file_ref idref="fl-4"/>
      </object_component>
      <object_component id="oc-81">
         <name>.text.OLED_Init</name>
         <load_address>0xc0</load_address>
         <readonly>true</readonly>
         <executable>true</executable>
         <run_address>0xc0</run_address>
         <size>0x15f4</size>
         <alignment>0x4</alignment>
         <input_file_ref idref="fl-7"/>
      </object_component>
      <object_component id="oc-87">
         <name>.text.OLED_Clear</name>
         <load_address>0x16b4</load_address>
         <readonly>true</readonly>
         <executable>true</executable>
         <run_address>0x16b4</run_address>
         <size>0xa90</size>
         <alignment>0x4</alignment>
         <input_file_ref idref="fl-7"/>
      </object_component>
      <object_component id="oc-89">
         <name>.text.OLED_Refresh</name>
         <load_address>0x2144</load_address>
         <readonly>true</readonly>
         <executable>true</executable>
         <run_address>0x2144</run_address>
         <size>0x250</size>
         <alignment>0x4</alignment>
         <input_file_ref idref="fl-7"/>
      </object_component>
      <object_component id="oc-152">
         <name>.text.OLED_ShowNum</name>
         <load_address>0x2394</load_address>
         <readonly>true</readonly>
         <executable>true</executable>
         <run_address>0x2394</run_address>
         <size>0x250</size>
         <alignment>0x4</alignment>
         <input_file_ref idref="fl-7"/>
      </object_component>
      <object_component id="oc-e2">
         <name>.text.OLED_ShowChar</name>
         <load_address>0x25e4</load_address>
         <readonly>true</readonly>
         <executable>true</executable>
         <run_address>0x25e4</run_address>
         <size>0x1a0</size>
         <alignment>0x4</alignment>
         <input_file_ref idref="fl-7"/>
      </object_component>
      <object_component id="oc-a2">
         <name>.text.Turn_Task</name>
         <load_address>0x2784</load_address>
         <readonly>true</readonly>
         <executable>true</executable>
         <run_address>0x2784</run_address>
         <size>0x18c</size>
         <alignment>0x4</alignment>
         <input_file_ref idref="fl-8"/>
      </object_component>
      <object_component id="oc-fc">
         <name>.text.OLED_ShowSignedFloat</name>
         <load_address>0x2910</load_address>
         <readonly>true</readonly>
         <executable>true</executable>
         <run_address>0x2910</run_address>
         <size>0x11a</size>
         <alignment>0x2</alignment>
         <input_file_ref idref="fl-2"/>
      </object_component>
      <object_component id="oc-33">
         <name>.text.Default_Handler</name>
         <load_address>0x2a2a</load_address>
         <readonly>true</readonly>
         <executable>true</executable>
         <run_address>0x2a2a</run_address>
         <size>0x2</size>
         <alignment>0x2</alignment>
         <input_file_ref idref="fl-4"/>
      </object_component>
      <object_component id="oc-a0">
         <name>.text.GYRO_Poll</name>
         <load_address>0x2a2c</load_address>
         <readonly>true</readonly>
         <executable>true</executable>
         <run_address>0x2a2c</run_address>
         <size>0x110</size>
         <alignment>0x4</alignment>
         <input_file_ref idref="fl-5"/>
      </object_component>
      <object_component id="oc-135">
         <name>.text.DL_Timer_initFourCCPWMMode</name>
         <load_address>0x2b3c</load_address>
         <readonly>true</readonly>
         <executable>true</executable>
         <run_address>0x2b3c</run_address>
         <size>0x104</size>
         <alignment>0x4</alignment>
         <input_file_ref idref="fl-18"/>
      </object_component>
      <object_component id="oc-a5">
         <name>.text.Turn_Start</name>
         <load_address>0x2c40</load_address>
         <readonly>true</readonly>
         <executable>true</executable>
         <run_address>0x2c40</run_address>
         <size>0xfc</size>
         <alignment>0x4</alignment>
         <input_file_ref idref="fl-8"/>
      </object_component>
      <object_component id="oc-9f">
         <name>.text.display_update</name>
         <load_address>0x2d3c</load_address>
         <readonly>true</readonly>
         <executable>true</executable>
         <run_address>0x2d3c</run_address>
         <size>0xf0</size>
         <alignment>0x4</alignment>
         <input_file_ref idref="fl-2"/>
      </object_component>
      <object_component id="oc-111">
         <name>.text</name>
         <load_address>0x2e2c</load_address>
         <readonly>true</readonly>
         <executable>true</executable>
         <run_address>0x2e2c</run_address>
         <size>0xd8</size>
         <alignment>0x4</alignment>
         <input_file_ref idref="fl-db"/>
      </object_component>
      <object_component id="oc-63">
         <name>.text.main</name>
         <load_address>0x2f04</load_address>
         <readonly>true</readonly>
         <executable>true</executable>
         <run_address>0x2f04</run_address>
         <size>0xa4</size>
         <alignment>0x4</alignment>
         <input_file_ref idref="fl-2"/>
      </object_component>
      <object_component id="oc-77">
         <name>.text:memcpy</name>
         <load_address>0x2fa8</load_address>
         <readonly>true</readonly>
         <executable>true</executable>
         <run_address>0x2fa8</run_address>
         <size>0x9a</size>
         <alignment>0x1</alignment>
         <input_file_ref idref="fl-e9"/>
      </object_component>
      <object_component id="oc-157">
         <name>.text.__aeabi_idiv0</name>
         <load_address>0x3042</load_address>
         <readonly>true</readonly>
         <executable>true</executable>
         <run_address>0x3042</run_address>
         <size>0x2</size>
         <alignment>0x2</alignment>
         <input_file_ref idref="fl-e8"/>
      </object_component>
      <object_component id="oc-d2">
         <name>.text.SYSCFG_DL_PWM_0_init</name>
         <load_address>0x3044</load_address>
         <readonly>true</readonly>
         <executable>true</executable>
         <run_address>0x3044</run_address>
         <size>0x8c</size>
         <alignment>0x4</alignment>
         <input_file_ref idref="fl-3"/>
      </object_component>
      <object_component id="oc-10a">
         <name>.text.__mulsf3</name>
         <load_address>0x30d0</load_address>
         <readonly>true</readonly>
         <executable>true</executable>
         <run_address>0x30d0</run_address>
         <size>0x8c</size>
         <alignment>0x4</alignment>
         <input_file_ref idref="fl-dc"/>
      </object_component>
      <object_component id="oc-1c">
         <name>.text:decompress:lzss</name>
         <load_address>0x315c</load_address>
         <readonly>true</readonly>
         <executable>true</executable>
         <run_address>0x315c</run_address>
         <size>0x7c</size>
         <alignment>0x4</alignment>
         <input_file_ref idref="fl-37"/>
      </object_component>
      <object_component id="oc-cf">
         <name>.text.SYSCFG_DL_GPIO_init</name>
         <load_address>0x31d8</load_address>
         <readonly>true</readonly>
         <executable>true</executable>
         <run_address>0x31d8</run_address>
         <size>0x68</size>
         <alignment>0x4</alignment>
         <input_file_ref idref="fl-3"/>
      </object_component>
      <object_component id="oc-115">
         <name>.text.__aeabi_fcmp</name>
         <load_address>0x3240</load_address>
         <readonly>true</readonly>
         <executable>true</executable>
         <run_address>0x3240</run_address>
         <size>0x62</size>
         <alignment>0x4</alignment>
         <input_file_ref idref="fl-e1"/>
      </object_component>
      <object_component id="oc-cd">
         <name>.text:memset</name>
         <load_address>0x32a2</load_address>
         <readonly>true</readonly>
         <executable>true</executable>
         <run_address>0x32a2</run_address>
         <size>0x62</size>
         <alignment>0x1</alignment>
         <input_file_ref idref="fl-ea"/>
      </object_component>
      <object_component id="oc-88">
         <name>.text.OLED_ShowString</name>
         <load_address>0x3304</load_address>
         <readonly>true</readonly>
         <executable>true</executable>
         <run_address>0x3304</run_address>
         <size>0x60</size>
         <alignment>0x2</alignment>
         <input_file_ref idref="fl-7"/>
      </object_component>
      <object_component id="oc-d5">
         <name>.text.SYSCFG_DL_UART_0_init</name>
         <load_address>0x3364</load_address>
         <readonly>true</readonly>
         <executable>true</executable>
         <run_address>0x3364</run_address>
         <size>0x60</size>
         <alignment>0x4</alignment>
         <input_file_ref idref="fl-3"/>
      </object_component>
      <object_component id="oc-d4">
         <name>.text.SYSCFG_DL_UART_2_init</name>
         <load_address>0x33c4</load_address>
         <readonly>true</readonly>
         <executable>true</executable>
         <run_address>0x33c4</run_address>
         <size>0x60</size>
         <alignment>0x4</alignment>
         <input_file_ref idref="fl-3"/>
      </object_component>
      <object_component id="oc-d9">
         <name>.text.DL_I2C_fillControllerTXFIFO</name>
         <load_address>0x3424</load_address>
         <readonly>true</readonly>
         <executable>true</executable>
         <run_address>0x3424</run_address>
         <size>0x5e</size>
         <alignment>0x2</alignment>
         <input_file_ref idref="fl-17"/>
      </object_component>
      <object_component id="oc-fd">
         <name>.text.__aeabi_idivmod</name>
         <load_address>0x3484</load_address>
         <readonly>true</readonly>
         <executable>true</executable>
         <run_address>0x3484</run_address>
         <size>0x56</size>
         <alignment>0x4</alignment>
         <input_file_ref idref="fl-e2"/>
      </object_component>
      <object_component id="oc-d3">
         <name>.text.SYSCFG_DL_OLED_init</name>
         <load_address>0x34dc</load_address>
         <readonly>true</readonly>
         <executable>true</executable>
         <run_address>0x34dc</run_address>
         <size>0x54</size>
         <alignment>0x4</alignment>
         <input_file_ref idref="fl-3"/>
      </object_component>
      <object_component id="oc-ce">
         <name>.text.SYSCFG_DL_initPower</name>
         <load_address>0x3530</load_address>
         <readonly>true</readonly>
         <executable>true</executable>
         <run_address>0x3530</run_address>
         <size>0x54</size>
         <alignment>0x4</alignment>
         <input_file_ref idref="fl-3"/>
      </object_component>
      <object_component id="oc-142">
         <name>.text.DL_UART_init</name>
         <load_address>0x3584</load_address>
         <readonly>true</readonly>
         <executable>true</executable>
         <run_address>0x3584</run_address>
         <size>0x48</size>
         <alignment>0x4</alignment>
         <input_file_ref idref="fl-19"/>
      </object_component>
      <object_component id="oc-11e">
         <name>.text.Motor_SetSpeed</name>
         <load_address>0x35cc</load_address>
         <readonly>true</readonly>
         <executable>true</executable>
         <run_address>0x35cc</run_address>
         <size>0x40</size>
         <alignment>0x4</alignment>
         <input_file_ref idref="fl-6"/>
      </object_component>
      <object_component id="oc-d0">
         <name>.text.SYSCFG_DL_SYSCTL_init</name>
         <load_address>0x360c</load_address>
         <readonly>true</readonly>
         <executable>true</executable>
         <run_address>0x360c</run_address>
         <size>0x40</size>
         <alignment>0x4</alignment>
         <input_file_ref idref="fl-3"/>
      </object_component>
      <object_component id="oc-17d">
         <name>.text.__aeabi_uidivmod</name>
         <load_address>0x364c</load_address>
         <readonly>true</readonly>
         <executable>true</executable>
         <run_address>0x364c</run_address>
         <size>0x40</size>
         <alignment>0x4</alignment>
         <input_file_ref idref="fl-e5"/>
      </object_component>
      <object_component id="oc-8a">
         <name>.text.delay_ms</name>
         <load_address>0x368c</load_address>
         <readonly>true</readonly>
         <executable>true</executable>
         <run_address>0x368c</run_address>
         <size>0x40</size>
         <alignment>0x4</alignment>
         <input_file_ref idref="fl-1"/>
      </object_component>
      <object_component id="oc-106">
         <name>.text.__floatsisf</name>
         <load_address>0x36cc</load_address>
         <readonly>true</readonly>
         <executable>true</executable>
         <run_address>0x36cc</run_address>
         <size>0x3c</size>
         <alignment>0x4</alignment>
         <input_file_ref idref="fl-df"/>
      </object_component>
      <object_component id="oc-169">
         <name>.text.__gtsf2</name>
         <load_address>0x3708</load_address>
         <readonly>true</readonly>
         <executable>true</executable>
         <run_address>0x3708</run_address>
         <size>0x3c</size>
         <alignment>0x4</alignment>
         <input_file_ref idref="fl-e6"/>
      </object_component>
      <object_component id="oc-b5">
         <name>.text:__TI_auto_init_nobinit_nopinit</name>
         <load_address>0x3744</load_address>
         <readonly>true</readonly>
         <executable>true</executable>
         <run_address>0x3744</run_address>
         <size>0x3c</size>
         <alignment>0x4</alignment>
         <input_file_ref idref="fl-32"/>
      </object_component>
      <object_component id="oc-164">
         <name>.text.__eqsf2</name>
         <load_address>0x3780</load_address>
         <readonly>true</readonly>
         <executable>true</executable>
         <run_address>0x3780</run_address>
         <size>0x3a</size>
         <alignment>0x4</alignment>
         <input_file_ref idref="fl-e6"/>
      </object_component>
      <object_component id="oc-15e">
         <name>.text.__muldsi3</name>
         <load_address>0x37bc</load_address>
         <readonly>true</readonly>
         <executable>true</executable>
         <run_address>0x37bc</run_address>
         <size>0x3a</size>
         <alignment>0x4</alignment>
         <input_file_ref idref="fl-e7"/>
      </object_component>
      <object_component id="oc-11a">
         <name>.text.__fixsfsi</name>
         <load_address>0x37f8</load_address>
         <readonly>true</readonly>
         <executable>true</executable>
         <run_address>0x37f8</run_address>
         <size>0x38</size>
         <alignment>0x4</alignment>
         <input_file_ref idref="fl-dd"/>
      </object_component>
      <object_component id="oc-14e">
         <name>.text.__fixunssfsi</name>
         <load_address>0x3830</load_address>
         <readonly>true</readonly>
         <executable>true</executable>
         <run_address>0x3830</run_address>
         <size>0x32</size>
         <alignment>0x4</alignment>
         <input_file_ref idref="fl-de"/>
      </object_component>
      <object_component id="oc-90">
         <name>.text.Motor_Init</name>
         <load_address>0x3864</load_address>
         <readonly>true</readonly>
         <executable>true</executable>
         <run_address>0x3864</run_address>
         <size>0x30</size>
         <alignment>0x4</alignment>
         <input_file_ref idref="fl-6"/>
      </object_component>
      <object_component id="oc-95">
         <name>.text.GYRO_Init</name>
         <load_address>0x3894</load_address>
         <readonly>true</readonly>
         <executable>true</executable>
         <run_address>0x3894</run_address>
         <size>0x2c</size>
         <alignment>0x4</alignment>
         <input_file_ref idref="fl-5"/>
      </object_component>
      <object_component id="oc-153">
         <name>.text.__floatunsisf</name>
         <load_address>0x38c0</load_address>
         <readonly>true</readonly>
         <executable>true</executable>
         <run_address>0x38c0</run_address>
         <size>0x28</size>
         <alignment>0x4</alignment>
         <input_file_ref idref="fl-e0"/>
      </object_component>
      <object_component id="oc-4f">
         <name>.text:_c_int00_noargs</name>
         <load_address>0x38e8</load_address>
         <readonly>true</readonly>
         <executable>true</executable>
         <run_address>0x38e8</run_address>
         <size>0x28</size>
         <alignment>0x4</alignment>
         <input_file_ref idref="fl-30"/>
      </object_component>
      <object_component id="oc-13a">
         <name>.text.DL_I2C_setClockConfig</name>
         <load_address>0x3910</load_address>
         <readonly>true</readonly>
         <executable>true</executable>
         <run_address>0x3910</run_address>
         <size>0x26</size>
         <alignment>0x2</alignment>
         <input_file_ref idref="fl-17"/>
      </object_component>
      <object_component id="oc-7c">
         <name>.text.SYSCFG_DL_init</name>
         <load_address>0x3936</load_address>
         <readonly>true</readonly>
         <executable>true</executable>
         <run_address>0x3936</run_address>
         <size>0x24</size>
         <alignment>0x2</alignment>
         <input_file_ref idref="fl-3"/>
      </object_component>
      <object_component id="oc-119">
         <name>.text.Motor_Stop</name>
         <load_address>0x395c</load_address>
         <readonly>true</readonly>
         <executable>true</executable>
         <run_address>0x395c</run_address>
         <size>0x20</size>
         <alignment>0x4</alignment>
         <input_file_ref idref="fl-6"/>
      </object_component>
      <object_component id="oc-137">
         <name>.text.DL_Timer_setCaptCompUpdateMethod</name>
         <load_address>0x397c</load_address>
         <readonly>true</readonly>
         <executable>true</executable>
         <run_address>0x397c</run_address>
         <size>0x1c</size>
         <alignment>0x4</alignment>
         <input_file_ref idref="fl-18"/>
      </object_component>
      <object_component id="oc-134">
         <name>.text.DL_Timer_setClockConfig</name>
         <load_address>0x3998</load_address>
         <readonly>true</readonly>
         <executable>true</executable>
         <run_address>0x3998</run_address>
         <size>0x1c</size>
         <alignment>0x4</alignment>
         <input_file_ref idref="fl-18"/>
      </object_component>
      <object_component id="oc-d6">
         <name>.text.SYSCFG_DL_SYSTICK_init</name>
         <load_address>0x39b4</load_address>
         <readonly>true</readonly>
         <executable>true</executable>
         <run_address>0x39b4</run_address>
         <size>0x1c</size>
         <alignment>0x4</alignment>
         <input_file_ref idref="fl-3"/>
      </object_component>
      <object_component id="oc-9a">
         <name>.text.Turn_Init</name>
         <load_address>0x39d0</load_address>
         <readonly>true</readonly>
         <executable>true</executable>
         <run_address>0x39d0</run_address>
         <size>0x1c</size>
         <alignment>0x4</alignment>
         <input_file_ref idref="fl-8"/>
      </object_component>
      <object_component id="oc-136">
         <name>.text.DL_Timer_setCaptureCompareOutCtl</name>
         <load_address>0x39ec</load_address>
         <readonly>true</readonly>
         <executable>true</executable>
         <run_address>0x39ec</run_address>
         <size>0x18</size>
         <alignment>0x4</alignment>
         <input_file_ref idref="fl-18"/>
      </object_component>
      <object_component id="oc-13c">
         <name>.text.DL_UART_setClockConfig</name>
         <load_address>0x3a04</load_address>
         <readonly>true</readonly>
         <executable>true</executable>
         <run_address>0x3a04</run_address>
         <size>0x12</size>
         <alignment>0x2</alignment>
         <input_file_ref idref="fl-19"/>
      </object_component>
      <object_component id="oc-20">
         <name>.text:decompress:none</name>
         <load_address>0x3a16</load_address>
         <readonly>true</readonly>
         <executable>true</executable>
         <run_address>0x3a16</run_address>
         <size>0x12</size>
         <alignment>0x2</alignment>
         <input_file_ref idref="fl-36"/>
      </object_component>
      <object_component id="oc-e5">
         <name>.text.DL_Timer_setCaptureCompareValue</name>
         <load_address>0x3a28</load_address>
         <readonly>true</readonly>
         <executable>true</executable>
         <run_address>0x3a28</run_address>
         <size>0x10</size>
         <alignment>0x4</alignment>
         <input_file_ref idref="fl-18"/>
      </object_component>
      <object_component id="oc-a4">
         <name>.text.Turn_IsBusy</name>
         <load_address>0x3a38</load_address>
         <readonly>true</readonly>
         <executable>true</executable>
         <run_address>0x3a38</run_address>
         <size>0x10</size>
         <alignment>0x4</alignment>
         <input_file_ref idref="fl-8"/>
      </object_component>
      <object_component id="oc-4c">
         <name>.text:decompress:ZI</name>
         <load_address>0x3a48</load_address>
         <readonly>true</readonly>
         <executable>true</executable>
         <run_address>0x3a48</run_address>
         <size>0x10</size>
         <alignment>0x2</alignment>
         <input_file_ref idref="fl-35"/>
      </object_component>
      <object_component id="oc-fa">
         <name>.text.GYRO_GetWz</name>
         <load_address>0x3a58</load_address>
         <readonly>true</readonly>
         <executable>true</executable>
         <run_address>0x3a58</run_address>
         <size>0xc</size>
         <alignment>0x4</alignment>
         <input_file_ref idref="fl-5"/>
      </object_component>
      <object_component id="oc-fb">
         <name>.text.GYRO_GetYaw</name>
         <load_address>0x3a64</load_address>
         <readonly>true</readonly>
         <executable>true</executable>
         <run_address>0x3a64</run_address>
         <size>0xc</size>
         <alignment>0x4</alignment>
         <input_file_ref idref="fl-5"/>
      </object_component>
      <object_component id="oc-5a">
         <name>.text.__aeabi_memclr</name>
         <load_address>0x3a70</load_address>
         <readonly>true</readonly>
         <executable>true</executable>
         <run_address>0x3a70</run_address>
         <size>0xc</size>
         <alignment>0x4</alignment>
         <input_file_ref idref="fl-e4"/>
      </object_component>
      <object_component id="oc-130">
         <name>.text.DL_Common_delayCycles</name>
         <load_address>0x3a7c</load_address>
         <readonly>true</readonly>
         <executable>true</executable>
         <run_address>0x3a7c</run_address>
         <size>0xa</size>
         <alignment>0x2</alignment>
         <input_file_ref idref="fl-16"/>
      </object_component>
      <object_component id="oc-3f">
         <name>.text.__aeabi_memcpy</name>
         <load_address>0x3a88</load_address>
         <readonly>true</readonly>
         <executable>true</executable>
         <run_address>0x3a88</run_address>
         <size>0x8</size>
         <alignment>0x4</alignment>
         <input_file_ref idref="fl-e3"/>
      </object_component>
      <object_component id="oc-ae">
         <name>.text:abort</name>
         <load_address>0x3a90</load_address>
         <readonly>true</readonly>
         <executable>true</executable>
         <run_address>0x3a90</run_address>
         <size>0x6</size>
         <alignment>0x2</alignment>
         <input_file_ref idref="fl-38"/>
      </object_component>
      <object_component id="oc-11f">
         <name>.text.HOSTexit</name>
         <load_address>0x3a96</load_address>
         <readonly>true</readonly>
         <executable>true</executable>
         <run_address>0x3a96</run_address>
         <size>0x4</size>
         <alignment>0x2</alignment>
         <input_file_ref idref="fl-da"/>
      </object_component>
      <object_component id="oc-2f">
         <name>.text.Reset_Handler</name>
         <load_address>0x3a9a</load_address>
         <readonly>true</readonly>
         <executable>true</executable>
         <run_address>0x3a9a</run_address>
         <size>0x4</size>
         <alignment>0x2</alignment>
         <input_file_ref idref="fl-4"/>
      </object_component>
      <object_component id="oc-5f">
         <name>.text._system_pre_init</name>
         <load_address>0x3a9e</load_address>
         <readonly>true</readonly>
         <executable>true</executable>
         <run_address>0x3a9e</run_address>
         <size>0x4</size>
         <alignment>0x2</alignment>
         <input_file_ref idref="fl-33"/>
      </object_component>
      <object_component id="oc-1c7">
         <name>__TI_handler_table</name>
         <load_address>0x52c0</load_address>
         <readonly>true</readonly>
         <run_address>0x52c0</run_address>
         <size>0xc</size>
         <alignment>0x4</alignment>
      </object_component>
      <object_component id="oc-1ca">
         <name>.cinit..bss.load</name>
         <load_address>0x52cc</load_address>
         <readonly>true</readonly>
         <run_address>0x52cc</run_address>
         <size>0x8</size>
         <alignment>0x4</alignment>
      </object_component>
      <object_component id="oc-1c9">
         <name>.cinit..data.load</name>
         <load_address>0x52d4</load_address>
         <readonly>true</readonly>
         <run_address>0x52d4</run_address>
         <size>0x7</size>
         <alignment>0x1</alignment>
      </object_component>
      <object_component id="oc-1c8">
         <name>__TI_cinit_table</name>
         <load_address>0x52dc</load_address>
         <readonly>true</readonly>
         <run_address>0x52dc</run_address>
         <size>0x10</size>
         <alignment>0x4</alignment>
      </object_component>
      <object_component id="oc-14b">
         <name>.rodata.asc2_2412</name>
         <load_address>0x3aa8</load_address>
         <readonly>true</readonly>
         <run_address>0x3aa8</run_address>
         <size>0xd5c</size>
         <alignment>0x1</alignment>
         <input_file_ref idref="fl-7"/>
      </object_component>
      <object_component id="oc-149">
         <name>.rodata.asc2_1608</name>
         <load_address>0x4804</load_address>
         <readonly>true</readonly>
         <run_address>0x4804</run_address>
         <size>0x5f0</size>
         <alignment>0x1</alignment>
         <input_file_ref idref="fl-7"/>
      </object_component>
      <object_component id="oc-14a">
         <name>.rodata.asc2_1206</name>
         <load_address>0x4df4</load_address>
         <readonly>true</readonly>
         <run_address>0x4df4</run_address>
         <size>0x474</size>
         <alignment>0x1</alignment>
         <input_file_ref idref="fl-7"/>
      </object_component>
      <object_component id="oc-105">
         <name>.rodata.str1.7401042497206923953.1</name>
         <load_address>0x5268</load_address>
         <readonly>true</readonly>
         <run_address>0x5268</run_address>
         <size>0xb</size>
         <alignment>0x1</alignment>
         <input_file_ref idref="fl-2"/>
      </object_component>
      <object_component id="oc-146">
         <name>.rodata.gUART_0Config</name>
         <load_address>0x5274</load_address>
         <readonly>true</readonly>
         <run_address>0x5274</run_address>
         <size>0xa</size>
         <alignment>0x2</alignment>
         <input_file_ref idref="fl-3"/>
      </object_component>
      <object_component id="oc-144">
         <name>.rodata.gUART_2Config</name>
         <load_address>0x527e</load_address>
         <readonly>true</readonly>
         <run_address>0x527e</run_address>
         <size>0xa</size>
         <alignment>0x2</alignment>
         <input_file_ref idref="fl-3"/>
      </object_component>
      <object_component id="oc-a6">
         <name>.rodata.str1.9517790425240694019.1</name>
         <load_address>0x5288</load_address>
         <readonly>true</readonly>
         <run_address>0x5288</run_address>
         <size>0xa</size>
         <alignment>0x1</alignment>
         <input_file_ref idref="fl-2"/>
      </object_component>
      <object_component id="oc-13b">
         <name>.rodata.gOLEDClockConfig</name>
         <load_address>0x5292</load_address>
         <readonly>true</readonly>
         <run_address>0x5292</run_address>
         <size>0x2</size>
         <alignment>0x1</alignment>
         <input_file_ref idref="fl-3"/>
      </object_component>
      <object_component id="oc-139">
         <name>.rodata.gPWM_0Config</name>
         <load_address>0x5294</load_address>
         <readonly>true</readonly>
         <run_address>0x5294</run_address>
         <size>0x8</size>
         <alignment>0x4</alignment>
         <input_file_ref idref="fl-3"/>
      </object_component>
      <object_component id="oc-104">
         <name>.rodata.str1.16704889451495720520.1</name>
         <load_address>0x529c</load_address>
         <readonly>true</readonly>
         <run_address>0x529c</run_address>
         <size>0x8</size>
         <alignment>0x1</alignment>
         <input_file_ref idref="fl-2"/>
      </object_component>
      <object_component id="oc-a7">
         <name>.rodata.str1.254342170260855183.1</name>
         <load_address>0x52a4</load_address>
         <readonly>true</readonly>
         <run_address>0x52a4</run_address>
         <size>0x8</size>
         <alignment>0x1</alignment>
         <input_file_ref idref="fl-2"/>
      </object_component>
      <object_component id="oc-103">
         <name>.rodata.str1.11898133897667081452.1</name>
         <load_address>0x52ac</load_address>
         <readonly>true</readonly>
         <run_address>0x52ac</run_address>
         <size>0x4</size>
         <alignment>0x1</alignment>
         <input_file_ref idref="fl-2"/>
      </object_component>
      <object_component id="oc-138">
         <name>.rodata.gPWM_0ClockConfig</name>
         <load_address>0x52b0</load_address>
         <readonly>true</readonly>
         <run_address>0x52b0</run_address>
         <size>0x3</size>
         <alignment>0x1</alignment>
         <input_file_ref idref="fl-3"/>
      </object_component>
      <object_component id="oc-101">
         <name>.rodata.str1.14685083708502177989.1</name>
         <load_address>0x52b3</load_address>
         <readonly>true</readonly>
         <run_address>0x52b3</run_address>
         <size>0x3</size>
         <alignment>0x1</alignment>
         <input_file_ref idref="fl-2"/>
      </object_component>
      <object_component id="oc-102">
         <name>.rodata.str1.17669528882079347314.1</name>
         <load_address>0x52b6</load_address>
         <readonly>true</readonly>
         <run_address>0x52b6</run_address>
         <size>0x3</size>
         <alignment>0x1</alignment>
         <input_file_ref idref="fl-2"/>
      </object_component>
      <object_component id="oc-145">
         <name>.rodata.gUART_0ClockConfig</name>
         <load_address>0x52b9</load_address>
         <readonly>true</readonly>
         <run_address>0x52b9</run_address>
         <size>0x2</size>
         <alignment>0x1</alignment>
         <input_file_ref idref="fl-3"/>
      </object_component>
      <object_component id="oc-143">
         <name>.rodata.gUART_2ClockConfig</name>
         <load_address>0x52bb</load_address>
         <readonly>true</readonly>
         <run_address>0x52bb</run_address>
         <size>0x2</size>
         <alignment>0x1</alignment>
         <input_file_ref idref="fl-3"/>
      </object_component>
      <object_component id="oc-191">
         <name>.binit</name>
         <load_address>0x0</load_address>
         <readonly>true</readonly>
         <run_address>0x0</run_address>
         <size>0x0</size>
         <alignment>0x4</alignment>
      </object_component>
      <object_component id="oc-a8">
         <name>.data.idle_timer</name>
         <load_address>0x2020049c</load_address>
         <readwrite>true</readwrite>
         <run_address>0x2020049c</run_address>
         <size>0x4</size>
         <alignment>0x4</alignment>
         <input_file_ref idref="fl-2"/>
      </object_component>
      <object_component id="oc-a9">
         <name>.data.turn_count</name>
         <load_address>0x202004a4</load_address>
         <readwrite>true</readwrite>
         <run_address>0x202004a4</run_address>
         <size>0x4</size>
         <alignment>0x4</alignment>
         <input_file_ref idref="fl-2"/>
      </object_component>
      <object_component id="oc-aa">
         <name>.data.main.loop_cnt</name>
         <load_address>0x202004a0</load_address>
         <readwrite>true</readwrite>
         <run_address>0x202004a0</run_address>
         <size>0x4</size>
         <alignment>0x4</alignment>
         <input_file_ref idref="fl-2"/>
      </object_component>
      <object_component id="oc-f5">
         <name>.data.turn_state</name>
         <load_address>0x202004a8</load_address>
         <readwrite>true</readwrite>
         <run_address>0x202004a8</run_address>
         <size>0x1</size>
         <alignment>0x1</alignment>
         <input_file_ref idref="fl-8"/>
      </object_component>
      <object_component id="oc-ee">
         <name>.bss.state</name>
         <uninitialized>true</uninitialized>
         <readwrite>true</readwrite>
         <run_address>0x20200493</run_address>
         <size>0x1</size>
         <alignment>0x1</alignment>
         <input_file_ref idref="fl-5"/>
      </object_component>
      <object_component id="oc-ef">
         <name>.bss.gyro_data.0</name>
         <uninitialized>true</uninitialized>
         <readwrite>true</readwrite>
         <run_address>0x20200480</run_address>
         <size>0x4</size>
         <alignment>0x4</alignment>
         <input_file_ref idref="fl-5"/>
      </object_component>
      <object_component id="oc-f0">
         <name>.bss.gyro_data.1</name>
         <uninitialized>true</uninitialized>
         <readwrite>true</readwrite>
         <run_address>0x20200484</run_address>
         <size>0x4</size>
         <alignment>0x4</alignment>
         <input_file_ref idref="fl-5"/>
      </object_component>
      <object_component id="oc-f1">
         <name>.bss.gyro_data.4</name>
         <uninitialized>true</uninitialized>
         <readwrite>true</readwrite>
         <run_address>0x20200494</run_address>
         <size>0x1</size>
         <alignment>0x4</alignment>
         <input_file_ref idref="fl-5"/>
      </object_component>
      <object_component id="oc-f2">
         <name>.bss.gyro_data.5</name>
         <uninitialized>true</uninitialized>
         <readwrite>true</readwrite>
         <run_address>0x20200498</run_address>
         <size>0x1</size>
         <alignment>0x4</alignment>
         <input_file_ref idref="fl-5"/>
      </object_component>
      <object_component id="oc-10e">
         <name>.bss.frame_type</name>
         <uninitialized>true</uninitialized>
         <readwrite>true</readwrite>
         <run_address>0x20200492</run_address>
         <size>0x1</size>
         <alignment>0x1</alignment>
         <input_file_ref idref="fl-5"/>
      </object_component>
      <object_component id="oc-10f">
         <name>.bss.frame_dl</name>
         <uninitialized>true</uninitialized>
         <readwrite>true</readwrite>
         <run_address>0x20200491</run_address>
         <size>0x1</size>
         <alignment>0x1</alignment>
         <input_file_ref idref="fl-5"/>
      </object_component>
      <object_component id="oc-110">
         <name>.bss.frame_dh</name>
         <uninitialized>true</uninitialized>
         <readwrite>true</readwrite>
         <run_address>0x20200490</run_address>
         <size>0x1</size>
         <alignment>0x1</alignment>
         <input_file_ref idref="fl-5"/>
      </object_component>
      <object_component id="oc-f6">
         <name>.bss.turn_direction</name>
         <uninitialized>true</uninitialized>
         <readwrite>true</readwrite>
         <run_address>0x20200488</run_address>
         <size>0x4</size>
         <alignment>0x4</alignment>
         <input_file_ref idref="fl-8"/>
      </object_component>
      <object_component id="oc-f7">
         <name>.bss.turn_target_yaw</name>
         <uninitialized>true</uninitialized>
         <readwrite>true</readwrite>
         <run_address>0x2020048c</run_address>
         <size>0x4</size>
         <alignment>0x4</alignment>
         <input_file_ref idref="fl-8"/>
      </object_component>
      <object_component id="oc-df">
         <name>.common:OLED_GRAM</name>
         <uninitialized>true</uninitialized>
         <readwrite>true</readwrite>
         <run_address>0x20200000</run_address>
         <size>0x480</size>
         <alignment>0x1</alignment>
      </object_component>
      <object_component id="oc-1a">
         <name>.stack</name>
         <uninitialized>true</uninitialized>
         <readwrite>true</readwrite>
         <run_address>0x20207e00</run_address>
         <size>0x4</size>
         <alignment>0x4</alignment>
         <input_file_ref idref="fl-30"/>
      </object_component>
      <object_component id="oc-1cc">
         <name>.stack</name>
         <uninitialized>true</uninitialized>
         <readwrite>true</readwrite>
         <run_address>0x20207e00</run_address>
         <size>0x0</size>
         <alignment>0x8</alignment>
      </object_component>
      <object_component id="oc-8b">
         <name>.debug_loc</name>
         <load_address>0x0</load_address>
         <run_address>0x0</run_address>
         <size>0x1da</size>
         <alignment>0x1</alignment>
         <input_file_ref idref="fl-1"/>
      </object_component>
      <object_component id="oc-ad">
         <name>.debug_loc</name>
         <load_address>0x1da</load_address>
         <run_address>0x1da</run_address>
         <size>0x1c4</size>
         <alignment>0x1</alignment>
         <input_file_ref idref="fl-2"/>
      </object_component>
      <object_component id="oc-d1">
         <name>.debug_loc</name>
         <load_address>0x39e</load_address>
         <run_address>0x39e</run_address>
         <size>0x1dc</size>
         <alignment>0x1</alignment>
         <input_file_ref idref="fl-3"/>
      </object_component>
      <object_component id="oc-a1">
         <name>.debug_loc</name>
         <load_address>0x57a</load_address>
         <run_address>0x57a</run_address>
         <size>0x86</size>
         <alignment>0x1</alignment>
         <input_file_ref idref="fl-5"/>
      </object_component>
      <object_component id="oc-ed">
         <name>.debug_loc</name>
         <load_address>0x600</load_address>
         <run_address>0x600</run_address>
         <size>0xa2</size>
         <alignment>0x1</alignment>
         <input_file_ref idref="fl-6"/>
      </object_component>
      <object_component id="oc-86">
         <name>.debug_loc</name>
         <load_address>0x6a2</load_address>
         <run_address>0x6a2</run_address>
         <size>0x37ea</size>
         <alignment>0x1</alignment>
         <input_file_ref idref="fl-7"/>
      </object_component>
      <object_component id="oc-a3">
         <name>.debug_loc</name>
         <load_address>0x3e8c</load_address>
         <run_address>0x3e8c</run_address>
         <size>0xca</size>
         <alignment>0x1</alignment>
         <input_file_ref idref="fl-8"/>
      </object_component>
      <object_component id="oc-179">
         <name>.debug_loc</name>
         <load_address>0x3f56</load_address>
         <run_address>0x3f56</run_address>
         <size>0x13</size>
         <alignment>0x1</alignment>
         <input_file_ref idref="fl-16"/>
      </object_component>
      <object_component id="oc-db">
         <name>.debug_loc</name>
         <load_address>0x3f69</load_address>
         <run_address>0x3f69</run_address>
         <size>0x37a</size>
         <alignment>0x1</alignment>
         <input_file_ref idref="fl-17"/>
      </object_component>
      <object_component id="oc-e7">
         <name>.debug_loc</name>
         <load_address>0x42e3</load_address>
         <run_address>0x42e3</run_address>
         <size>0x1a68</size>
         <alignment>0x1</alignment>
         <input_file_ref idref="fl-18"/>
      </object_component>
      <object_component id="oc-140">
         <name>.debug_loc</name>
         <load_address>0x5d4b</load_address>
         <run_address>0x5d4b</run_address>
         <size>0x7e4</size>
         <alignment>0x1</alignment>
         <input_file_ref idref="fl-19"/>
      </object_component>
      <object_component id="oc-3a">
         <name>.debug_loc</name>
         <load_address>0x652f</load_address>
         <run_address>0x652f</run_address>
         <size>0xd8</size>
         <alignment>0x1</alignment>
         <input_file_ref idref="fl-30"/>
      </object_component>
      <object_component id="oc-b9">
         <name>.debug_loc</name>
         <load_address>0x6607</load_address>
         <run_address>0x6607</run_address>
         <size>0x424</size>
         <alignment>0x1</alignment>
         <input_file_ref idref="fl-32"/>
      </object_component>
      <object_component id="oc-4a">
         <name>.debug_loc</name>
         <load_address>0x6a2b</load_address>
         <run_address>0x6a2b</run_address>
         <size>0x16c</size>
         <alignment>0x1</alignment>
         <input_file_ref idref="fl-35"/>
      </object_component>
      <object_component id="oc-45">
         <name>.debug_loc</name>
         <load_address>0x6b97</load_address>
         <run_address>0x6b97</run_address>
         <size>0x6f</size>
         <alignment>0x1</alignment>
         <input_file_ref idref="fl-36"/>
      </object_component>
      <object_component id="oc-3d">
         <name>.debug_loc</name>
         <load_address>0x6c06</load_address>
         <run_address>0x6c06</run_address>
         <size>0x167</size>
         <alignment>0x1</alignment>
         <input_file_ref idref="fl-37"/>
      </object_component>
      <object_component id="oc-b4">
         <name>.debug_loc</name>
         <load_address>0x6d6d</load_address>
         <run_address>0x6d6d</run_address>
         <size>0x26</size>
         <alignment>0x1</alignment>
         <input_file_ref idref="fl-38"/>
      </object_component>
      <object_component id="oc-184">
         <name>.debug_loc</name>
         <load_address>0x6d93</load_address>
         <run_address>0x6d93</run_address>
         <size>0x20</size>
         <alignment>0x1</alignment>
         <input_file_ref idref="fl-e8"/>
      </object_component>
      <object_component id="oc-e3">
         <name>.debug_abbrev</name>
         <load_address>0x0</load_address>
         <run_address>0x0</run_address>
         <size>0x105</size>
         <alignment>0x1</alignment>
         <input_file_ref idref="fl-1"/>
      </object_component>
      <object_component id="oc-ab">
         <name>.debug_abbrev</name>
         <load_address>0x105</load_address>
         <run_address>0x105</run_address>
         <size>0x121</size>
         <alignment>0x1</alignment>
         <input_file_ref idref="fl-2"/>
      </object_component>
      <object_component id="oc-d7">
         <name>.debug_abbrev</name>
         <load_address>0x226</load_address>
         <run_address>0x226</run_address>
         <size>0x1f9</size>
         <alignment>0x1</alignment>
         <input_file_ref idref="fl-3"/>
      </object_component>
      <object_component id="oc-34">
         <name>.debug_abbrev</name>
         <load_address>0x41f</load_address>
         <run_address>0x41f</run_address>
         <size>0x6d</size>
         <alignment>0x1</alignment>
         <input_file_ref idref="fl-4"/>
      </object_component>
      <object_component id="oc-f3">
         <name>.debug_abbrev</name>
         <load_address>0x48c</load_address>
         <run_address>0x48c</run_address>
         <size>0x1b6</size>
         <alignment>0x1</alignment>
         <input_file_ref idref="fl-5"/>
      </object_component>
      <object_component id="oc-eb">
         <name>.debug_abbrev</name>
         <load_address>0x642</load_address>
         <run_address>0x642</run_address>
         <size>0x14e</size>
         <alignment>0x1</alignment>
         <input_file_ref idref="fl-6"/>
      </object_component>
      <object_component id="oc-e0">
         <name>.debug_abbrev</name>
         <load_address>0x790</load_address>
         <run_address>0x790</run_address>
         <size>0x279</size>
         <alignment>0x1</alignment>
         <input_file_ref idref="fl-7"/>
      </object_component>
      <object_component id="oc-f8">
         <name>.debug_abbrev</name>
         <load_address>0xa09</load_address>
         <run_address>0xa09</run_address>
         <size>0x125</size>
         <alignment>0x1</alignment>
         <input_file_ref idref="fl-8"/>
      </object_component>
      <object_component id="oc-177">
         <name>.debug_abbrev</name>
         <load_address>0xb2e</load_address>
         <run_address>0xb2e</run_address>
         <size>0x62</size>
         <alignment>0x1</alignment>
         <input_file_ref idref="fl-16"/>
      </object_component>
      <object_component id="oc-147">
         <name>.debug_abbrev</name>
         <load_address>0xb90</load_address>
         <run_address>0xb90</run_address>
         <size>0x1e7</size>
         <alignment>0x1</alignment>
         <input_file_ref idref="fl-17"/>
      </object_component>
      <object_component id="oc-14c">
         <name>.debug_abbrev</name>
         <load_address>0xd77</load_address>
         <run_address>0xd77</run_address>
         <size>0x286</size>
         <alignment>0x1</alignment>
         <input_file_ref idref="fl-18"/>
      </object_component>
      <object_component id="oc-17a">
         <name>.debug_abbrev</name>
         <load_address>0xffd</load_address>
         <run_address>0xffd</run_address>
         <size>0x29b</size>
         <alignment>0x1</alignment>
         <input_file_ref idref="fl-19"/>
      </object_component>
      <object_component id="oc-36">
         <name>.debug_abbrev</name>
         <load_address>0x1298</load_address>
         <run_address>0x1298</run_address>
         <size>0xaf</size>
         <alignment>0x1</alignment>
         <input_file_ref idref="fl-30"/>
      </object_component>
      <object_component id="oc-129">
         <name>.debug_abbrev</name>
         <load_address>0x1347</load_address>
         <run_address>0x1347</run_address>
         <size>0x170</size>
         <alignment>0x1</alignment>
         <input_file_ref idref="fl-32"/>
      </object_component>
      <object_component id="oc-7a">
         <name>.debug_abbrev</name>
         <load_address>0x14b7</load_address>
         <run_address>0x14b7</run_address>
         <size>0x39</size>
         <alignment>0x1</alignment>
         <input_file_ref idref="fl-33"/>
      </object_component>
      <object_component id="oc-58">
         <name>.debug_abbrev</name>
         <load_address>0x14f0</load_address>
         <run_address>0x14f0</run_address>
         <size>0xc2</size>
         <alignment>0x1</alignment>
         <input_file_ref idref="fl-35"/>
      </object_component>
      <object_component id="oc-43">
         <name>.debug_abbrev</name>
         <load_address>0x15b2</load_address>
         <run_address>0x15b2</run_address>
         <size>0x70</size>
         <alignment>0x1</alignment>
         <input_file_ref idref="fl-36"/>
      </object_component>
      <object_component id="oc-3b">
         <name>.debug_abbrev</name>
         <load_address>0x1622</load_address>
         <run_address>0x1622</run_address>
         <size>0x8d</size>
         <alignment>0x1</alignment>
         <input_file_ref idref="fl-37"/>
      </object_component>
      <object_component id="oc-123">
         <name>.debug_abbrev</name>
         <load_address>0x16af</load_address>
         <run_address>0x16af</run_address>
         <size>0x98</size>
         <alignment>0x1</alignment>
         <input_file_ref idref="fl-38"/>
      </object_component>
      <object_component id="oc-16c">
         <name>.debug_abbrev</name>
         <load_address>0x1747</load_address>
         <run_address>0x1747</run_address>
         <size>0x2c</size>
         <alignment>0x1</alignment>
         <input_file_ref idref="fl-da"/>
      </object_component>
      <object_component id="oc-163">
         <name>.debug_abbrev</name>
         <load_address>0x1773</load_address>
         <run_address>0x1773</run_address>
         <size>0x27</size>
         <alignment>0x1</alignment>
         <input_file_ref idref="fl-db"/>
      </object_component>
      <object_component id="oc-162">
         <name>.debug_abbrev</name>
         <load_address>0x179a</load_address>
         <run_address>0x179a</run_address>
         <size>0x27</size>
         <alignment>0x1</alignment>
         <input_file_ref idref="fl-dc"/>
      </object_component>
      <object_component id="oc-16b">
         <name>.debug_abbrev</name>
         <load_address>0x17c1</load_address>
         <run_address>0x17c1</run_address>
         <size>0x27</size>
         <alignment>0x1</alignment>
         <input_file_ref idref="fl-dd"/>
      </object_component>
      <object_component id="oc-17c">
         <name>.debug_abbrev</name>
         <load_address>0x17e8</load_address>
         <run_address>0x17e8</run_address>
         <size>0x27</size>
         <alignment>0x1</alignment>
         <input_file_ref idref="fl-de"/>
      </object_component>
      <object_component id="oc-15d">
         <name>.debug_abbrev</name>
         <load_address>0x180f</load_address>
         <run_address>0x180f</run_address>
         <size>0x27</size>
         <alignment>0x1</alignment>
         <input_file_ref idref="fl-df"/>
      </object_component>
      <object_component id="oc-181">
         <name>.debug_abbrev</name>
         <load_address>0x1836</load_address>
         <run_address>0x1836</run_address>
         <size>0x27</size>
         <alignment>0x1</alignment>
         <input_file_ref idref="fl-e0"/>
      </object_component>
      <object_component id="oc-16a">
         <name>.debug_abbrev</name>
         <load_address>0x185d</load_address>
         <run_address>0x185d</run_address>
         <size>0x27</size>
         <alignment>0x1</alignment>
         <input_file_ref idref="fl-e1"/>
      </object_component>
      <object_component id="oc-15c">
         <name>.debug_abbrev</name>
         <load_address>0x1884</load_address>
         <run_address>0x1884</run_address>
         <size>0x27</size>
         <alignment>0x1</alignment>
         <input_file_ref idref="fl-e2"/>
      </object_component>
      <object_component id="oc-57">
         <name>.debug_abbrev</name>
         <load_address>0x18ab</load_address>
         <run_address>0x18ab</run_address>
         <size>0x27</size>
         <alignment>0x1</alignment>
         <input_file_ref idref="fl-e3"/>
      </object_component>
      <object_component id="oc-79">
         <name>.debug_abbrev</name>
         <load_address>0x18d2</load_address>
         <run_address>0x18d2</run_address>
         <size>0x25</size>
         <alignment>0x1</alignment>
         <input_file_ref idref="fl-e4"/>
      </object_component>
      <object_component id="oc-187">
         <name>.debug_abbrev</name>
         <load_address>0x18f7</load_address>
         <run_address>0x18f7</run_address>
         <size>0x27</size>
         <alignment>0x1</alignment>
         <input_file_ref idref="fl-e5"/>
      </object_component>
      <object_component id="oc-186">
         <name>.debug_abbrev</name>
         <load_address>0x191e</load_address>
         <run_address>0x191e</run_address>
         <size>0x25</size>
         <alignment>0x1</alignment>
         <input_file_ref idref="fl-e6"/>
      </object_component>
      <object_component id="oc-185">
         <name>.debug_abbrev</name>
         <load_address>0x1943</load_address>
         <run_address>0x1943</run_address>
         <size>0x27</size>
         <alignment>0x1</alignment>
         <input_file_ref idref="fl-e7"/>
      </object_component>
      <object_component id="oc-182">
         <name>.debug_abbrev</name>
         <load_address>0x196a</load_address>
         <run_address>0x196a</run_address>
         <size>0x59</size>
         <alignment>0x1</alignment>
         <input_file_ref idref="fl-e8"/>
      </object_component>
      <object_component id="oc-c7">
         <name>.debug_abbrev</name>
         <load_address>0x19c3</load_address>
         <run_address>0x19c3</run_address>
         <size>0x25</size>
         <alignment>0x1</alignment>
         <input_file_ref idref="fl-e9"/>
      </object_component>
      <object_component id="oc-12f">
         <name>.debug_abbrev</name>
         <load_address>0x19e8</load_address>
         <run_address>0x19e8</run_address>
         <size>0x25</size>
         <alignment>0x1</alignment>
         <input_file_ref idref="fl-ea"/>
      </object_component>
      <object_component id="oc-1ce">
         <name>.debug_abbrev</name>
         <load_address>0x1a0d</load_address>
         <run_address>0x1a0d</run_address>
         <size>0xf</size>
         <alignment>0x0</alignment>
      </object_component>
      <object_component id="oc-8c">
         <name>.debug_info</name>
         <load_address>0x0</load_address>
         <run_address>0x0</run_address>
         <size>0x195</size>
         <alignment>0x1</alignment>
         <input_file_ref idref="fl-1"/>
      </object_component>
      <object_component id="oc-64">
         <name>.debug_info</name>
         <load_address>0x195</load_address>
         <run_address>0x195</run_address>
         <size>0x3e4</size>
         <alignment>0x1</alignment>
         <input_file_ref idref="fl-2"/>
      </object_component>
      <object_component id="oc-7d">
         <name>.debug_info</name>
         <load_address>0x579</load_address>
         <run_address>0x579</run_address>
         <size>0x335e</size>
         <alignment>0x1</alignment>
         <input_file_ref idref="fl-3"/>
      </object_component>
      <object_component id="oc-19">
         <name>.debug_info</name>
         <load_address>0x38d7</load_address>
         <run_address>0x38d7</run_address>
         <size>0x80</size>
         <alignment>0x1</alignment>
         <input_file_ref idref="fl-4"/>
      </object_component>
      <object_component id="oc-99">
         <name>.debug_info</name>
         <load_address>0x3957</load_address>
         <run_address>0x3957</run_address>
         <size>0x7df</size>
         <alignment>0x1</alignment>
         <input_file_ref idref="fl-5"/>
      </object_component>
      <object_component id="oc-91">
         <name>.debug_info</name>
         <load_address>0x4136</load_address>
         <run_address>0x4136</run_address>
         <size>0x7eb</size>
         <alignment>0x1</alignment>
         <input_file_ref idref="fl-6"/>
      </object_component>
      <object_component id="oc-82">
         <name>.debug_info</name>
         <load_address>0x4921</load_address>
         <run_address>0x4921</run_address>
         <size>0x464c</size>
         <alignment>0x1</alignment>
         <input_file_ref idref="fl-7"/>
      </object_component>
      <object_component id="oc-9b">
         <name>.debug_info</name>
         <load_address>0x8f6d</load_address>
         <run_address>0x8f6d</run_address>
         <size>0x2a4</size>
         <alignment>0x1</alignment>
         <input_file_ref idref="fl-8"/>
      </object_component>
      <object_component id="oc-133">
         <name>.debug_info</name>
         <load_address>0x9211</load_address>
         <run_address>0x9211</run_address>
         <size>0x75</size>
         <alignment>0x1</alignment>
         <input_file_ref idref="fl-16"/>
      </object_component>
      <object_component id="oc-dc">
         <name>.debug_info</name>
         <load_address>0x9286</load_address>
         <run_address>0x9286</run_address>
         <size>0xcd0</size>
         <alignment>0x1</alignment>
         <input_file_ref idref="fl-17"/>
      </object_component>
      <object_component id="oc-e8">
         <name>.debug_info</name>
         <load_address>0x9f56</load_address>
         <run_address>0x9f56</run_address>
         <size>0x32ed</size>
         <alignment>0x1</alignment>
         <input_file_ref idref="fl-18"/>
      </object_component>
      <object_component id="oc-13e">
         <name>.debug_info</name>
         <load_address>0xd243</load_address>
         <run_address>0xd243</run_address>
         <size>0x12cf</size>
         <alignment>0x1</alignment>
         <input_file_ref idref="fl-19"/>
      </object_component>
      <object_component id="oc-1b">
         <name>.debug_info</name>
         <load_address>0xe512</load_address>
         <run_address>0xe512</run_address>
         <size>0x423</size>
         <alignment>0x1</alignment>
         <input_file_ref idref="fl-30"/>
      </object_component>
      <object_component id="oc-b8">
         <name>.debug_info</name>
         <load_address>0xe935</load_address>
         <run_address>0xe935</run_address>
         <size>0x744</size>
         <alignment>0x1</alignment>
         <input_file_ref idref="fl-32"/>
      </object_component>
      <object_component id="oc-61">
         <name>.debug_info</name>
         <load_address>0xf079</load_address>
         <run_address>0xf079</run_address>
         <size>0x46</size>
         <alignment>0x1</alignment>
         <input_file_ref idref="fl-33"/>
      </object_component>
      <object_component id="oc-47">
         <name>.debug_info</name>
         <load_address>0xf0bf</load_address>
         <run_address>0xf0bf</run_address>
         <size>0x192</size>
         <alignment>0x1</alignment>
         <input_file_ref idref="fl-35"/>
      </object_component>
      <object_component id="oc-22">
         <name>.debug_info</name>
         <load_address>0xf251</load_address>
         <run_address>0xf251</run_address>
         <size>0xc6</size>
         <alignment>0x1</alignment>
         <input_file_ref idref="fl-36"/>
      </object_component>
      <object_component id="oc-1d">
         <name>.debug_info</name>
         <load_address>0xf317</load_address>
         <run_address>0xf317</run_address>
         <size>0x17c</size>
         <alignment>0x1</alignment>
         <input_file_ref idref="fl-37"/>
      </object_component>
      <object_component id="oc-af">
         <name>.debug_info</name>
         <load_address>0xf493</load_address>
         <run_address>0xf493</run_address>
         <size>0xf8</size>
         <alignment>0x1</alignment>
         <input_file_ref idref="fl-38"/>
      </object_component>
      <object_component id="oc-120">
         <name>.debug_info</name>
         <load_address>0xf58b</load_address>
         <run_address>0xf58b</run_address>
         <size>0x3b</size>
         <alignment>0x1</alignment>
         <input_file_ref idref="fl-da"/>
      </object_component>
      <object_component id="oc-112">
         <name>.debug_info</name>
         <load_address>0xf5c6</load_address>
         <run_address>0xf5c6</run_address>
         <size>0x199</size>
         <alignment>0x1</alignment>
         <input_file_ref idref="fl-db"/>
      </object_component>
      <object_component id="oc-10c">
         <name>.debug_info</name>
         <load_address>0xf75f</load_address>
         <run_address>0xf75f</run_address>
         <size>0x17f</size>
         <alignment>0x1</alignment>
         <input_file_ref idref="fl-dc"/>
      </object_component>
      <object_component id="oc-11c">
         <name>.debug_info</name>
         <load_address>0xf8de</load_address>
         <run_address>0xf8de</run_address>
         <size>0x181</size>
         <alignment>0x1</alignment>
         <input_file_ref idref="fl-dd"/>
      </object_component>
      <object_component id="oc-14f">
         <name>.debug_info</name>
         <load_address>0xfa5f</load_address>
         <run_address>0xfa5f</run_address>
         <size>0x187</size>
         <alignment>0x1</alignment>
         <input_file_ref idref="fl-de"/>
      </object_component>
      <object_component id="oc-108">
         <name>.debug_info</name>
         <load_address>0xfbe6</load_address>
         <run_address>0xfbe6</run_address>
         <size>0x185</size>
         <alignment>0x1</alignment>
         <input_file_ref idref="fl-df"/>
      </object_component>
      <object_component id="oc-156">
         <name>.debug_info</name>
         <load_address>0xfd6b</load_address>
         <run_address>0xfd6b</run_address>
         <size>0x189</size>
         <alignment>0x1</alignment>
         <input_file_ref idref="fl-e0"/>
      </object_component>
      <object_component id="oc-116">
         <name>.debug_info</name>
         <load_address>0xfef4</load_address>
         <run_address>0xfef4</run_address>
         <size>0x209</size>
         <alignment>0x1</alignment>
         <input_file_ref idref="fl-e1"/>
      </object_component>
      <object_component id="oc-ff">
         <name>.debug_info</name>
         <load_address>0x100fd</load_address>
         <run_address>0x100fd</run_address>
         <size>0x1ab</size>
         <alignment>0x1</alignment>
         <input_file_ref idref="fl-e2"/>
      </object_component>
      <object_component id="oc-40">
         <name>.debug_info</name>
         <load_address>0x102a8</load_address>
         <run_address>0x102a8</run_address>
         <size>0x18b</size>
         <alignment>0x1</alignment>
         <input_file_ref idref="fl-e3"/>
      </object_component>
      <object_component id="oc-5b">
         <name>.debug_info</name>
         <load_address>0x10433</load_address>
         <run_address>0x10433</run_address>
         <size>0x1a7</size>
         <alignment>0x1</alignment>
         <input_file_ref idref="fl-e4"/>
      </object_component>
      <object_component id="oc-180">
         <name>.debug_info</name>
         <load_address>0x105da</load_address>
         <run_address>0x105da</run_address>
         <size>0x1ae</size>
         <alignment>0x1</alignment>
         <input_file_ref idref="fl-e5"/>
      </object_component>
      <object_component id="oc-165">
         <name>.debug_info</name>
         <load_address>0x10788</load_address>
         <run_address>0x10788</run_address>
         <size>0x1b3</size>
         <alignment>0x1</alignment>
         <input_file_ref idref="fl-e6"/>
      </object_component>
      <object_component id="oc-161">
         <name>.debug_info</name>
         <load_address>0x1093b</load_address>
         <run_address>0x1093b</run_address>
         <size>0x181</size>
         <alignment>0x1</alignment>
         <input_file_ref idref="fl-e7"/>
      </object_component>
      <object_component id="oc-158">
         <name>.debug_info</name>
         <load_address>0x10abc</load_address>
         <run_address>0x10abc</run_address>
         <size>0x85</size>
         <alignment>0x1</alignment>
         <input_file_ref idref="fl-e8"/>
      </object_component>
      <object_component id="oc-76">
         <name>.debug_info</name>
         <load_address>0x10b41</load_address>
         <run_address>0x10b41</run_address>
         <size>0x2f3</size>
         <alignment>0x1</alignment>
         <input_file_ref idref="fl-e9"/>
      </object_component>
      <object_component id="oc-cb">
         <name>.debug_info</name>
         <load_address>0x10e34</load_address>
         <run_address>0x10e34</run_address>
         <size>0x23d</size>
         <alignment>0x1</alignment>
         <input_file_ref idref="fl-ea"/>
      </object_component>
      <object_component id="oc-1cd">
         <name>.debug_info</name>
         <load_address>0x11071</load_address>
         <run_address>0x11071</run_address>
         <size>0x9d</size>
         <alignment>0x0</alignment>
      </object_component>
      <object_component id="oc-8d">
         <name>.debug_ranges</name>
         <load_address>0x0</load_address>
         <run_address>0x0</run_address>
         <size>0x18</size>
         <alignment>0x1</alignment>
         <input_file_ref idref="fl-1"/>
      </object_component>
      <object_component id="oc-67">
         <name>.debug_ranges</name>
         <load_address>0x18</load_address>
         <run_address>0x18</run_address>
         <size>0x20</size>
         <alignment>0x1</alignment>
         <input_file_ref idref="fl-2"/>
      </object_component>
      <object_component id="oc-7e">
         <name>.debug_ranges</name>
         <load_address>0x38</load_address>
         <run_address>0x38</run_address>
         <size>0x50</size>
         <alignment>0x1</alignment>
         <input_file_ref idref="fl-3"/>
      </object_component>
      <object_component id="oc-31">
         <name>.debug_ranges</name>
         <load_address>0x88</load_address>
         <run_address>0x88</run_address>
         <size>0x18</size>
         <alignment>0x1</alignment>
         <input_file_ref idref="fl-4"/>
      </object_component>
      <object_component id="oc-97">
         <name>.debug_ranges</name>
         <load_address>0xa0</load_address>
         <run_address>0xa0</run_address>
         <size>0xc0</size>
         <alignment>0x1</alignment>
         <input_file_ref idref="fl-5"/>
      </object_component>
      <object_component id="oc-93">
         <name>.debug_ranges</name>
         <load_address>0x160</load_address>
         <run_address>0x160</run_address>
         <size>0x20</size>
         <alignment>0x1</alignment>
         <input_file_ref idref="fl-6"/>
      </object_component>
      <object_component id="oc-84">
         <name>.debug_ranges</name>
         <load_address>0x180</load_address>
         <run_address>0x180</run_address>
         <size>0x16f8</size>
         <alignment>0x1</alignment>
         <input_file_ref idref="fl-7"/>
      </object_component>
      <object_component id="oc-9c">
         <name>.debug_ranges</name>
         <load_address>0x1878</load_address>
         <run_address>0x1878</run_address>
         <size>0x40</size>
         <alignment>0x1</alignment>
         <input_file_ref idref="fl-8"/>
      </object_component>
      <object_component id="oc-dd">
         <name>.debug_ranges</name>
         <load_address>0x18b8</load_address>
         <run_address>0x18b8</run_address>
         <size>0x1f8</size>
         <alignment>0x1</alignment>
         <input_file_ref idref="fl-17"/>
      </object_component>
      <object_component id="oc-ea">
         <name>.debug_ranges</name>
         <load_address>0x1ab0</load_address>
         <run_address>0x1ab0</run_address>
         <size>0x1d8</size>
         <alignment>0x1</alignment>
         <input_file_ref idref="fl-18"/>
      </object_component>
      <object_component id="oc-141">
         <name>.debug_ranges</name>
         <load_address>0x1c88</load_address>
         <run_address>0x1c88</run_address>
         <size>0x1c8</size>
         <alignment>0x1</alignment>
         <input_file_ref idref="fl-19"/>
      </object_component>
      <object_component id="oc-39">
         <name>.debug_ranges</name>
         <load_address>0x1e50</load_address>
         <run_address>0x1e50</run_address>
         <size>0x48</size>
         <alignment>0x1</alignment>
         <input_file_ref idref="fl-30"/>
      </object_component>
      <object_component id="oc-b6">
         <name>.debug_ranges</name>
         <load_address>0x1e98</load_address>
         <run_address>0x1e98</run_address>
         <size>0x48</size>
         <alignment>0x1</alignment>
         <input_file_ref idref="fl-32"/>
      </object_component>
      <object_component id="oc-49">
         <name>.debug_ranges</name>
         <load_address>0x1ee0</load_address>
         <run_address>0x1ee0</run_address>
         <size>0x18</size>
         <alignment>0x1</alignment>
         <input_file_ref idref="fl-35"/>
[...]
         <value>0x3045</value>
         <object_component_ref idref="oc-d2"/>
      </symbol>
      <symbol id="sm-91">
         <name>SYSCFG_DL_OLED_init</name>
         <value>0x34dd</value>
         <object_component_ref idref="oc-d3"/>
      </symbol>
      <symbol id="sm-92">
         <name>SYSCFG_DL_UART_2_init</name>
         <value>0x33c5</value>
         <object_component_ref idref="oc-d4"/>
      </symbol>
      <symbol id="sm-93">
         <name>SYSCFG_DL_UART_0_init</name>
         <value>0x3365</value>
         <object_component_ref idref="oc-d5"/>
      </symbol>
      <symbol id="sm-94">
         <name>SYSCFG_DL_SYSTICK_init</name>
         <value>0x39b5</value>
         <object_component_ref idref="oc-d6"/>
      </symbol>
      <symbol id="sm-9f">
         <name>Default_Handler</name>
         <value>0x2a2b</value>
         <object_component_ref idref="oc-33"/>
      </symbol>
      <symbol id="sm-a0">
         <name>Reset_Handler</name>
         <value>0x3a9b</value>
         <object_component_ref idref="oc-2f"/>
      </symbol>
      <symbol id="sm-a1">
         <name>interruptVectors</name>
         <value>0x0</value>
         <object_component_ref idref="oc-18"/>
      </symbol>
      <symbol id="sm-a2">
         <name>NMI_Handler</name>
         <value>0x2a2b</value>
         <object_component_ref idref="oc-33"/>
      </symbol>
      <symbol id="sm-a3">
         <name>HardFault_Handler</name>
         <value>0x2a2b</value>
         <object_component_ref idref="oc-33"/>
      </symbol>
      <symbol id="sm-a4">
         <name>SVC_Handler</name>
         <value>0x2a2b</value>
         <object_component_ref idref="oc-33"/>
      </symbol>
      <symbol id="sm-a5">
         <name>PendSV_Handler</name>
         <value>0x2a2b</value>
         <object_component_ref idref="oc-33"/>
      </symbol>
      <symbol id="sm-a6">
         <name>SysTick_Handler</name>
         <value>0x2a2b</value>
         <object_component_ref idref="oc-33"/>
      </symbol>
      <symbol id="sm-a7">
         <name>GROUP0_IRQHandler</name>
         <value>0x2a2b</value>
         <object_component_ref idref="oc-33"/>
      </symbol>
      <symbol id="sm-a8">
         <name>GROUP1_IRQHandler</name>
         <value>0x2a2b</value>
         <object_component_ref idref="oc-33"/>
      </symbol>
      <symbol id="sm-a9">
         <name>TIMG8_IRQHandler</name>
         <value>0x2a2b</value>
         <object_component_ref idref="oc-33"/>
      </symbol>
      <symbol id="sm-aa">
         <name>UART3_IRQHandler</name>
         <value>0x2a2b</value>
         <object_component_ref idref="oc-33"/>
      </symbol>
      <symbol id="sm-ab">
         <name>ADC0_IRQHandler</name>
         <value>0x2a2b</value>
         <object_component_ref idref="oc-33"/>
      </symbol>
      <symbol id="sm-ac">
         <name>ADC1_IRQHandler</name>
         <value>0x2a2b</value>
         <object_component_ref idref="oc-33"/>
      </symbol>
      <symbol id="sm-ad">
         <name>CANFD0_IRQHandler</name>
         <value>0x2a2b</value>
         <object_component_ref idref="oc-33"/>
      </symbol>
      <symbol id="sm-ae">
         <name>DAC0_IRQHandler</name>
         <value>0x2a2b</value>
         <object_component_ref idref="oc-33"/>
      </symbol>
      <symbol id="sm-af">
         <name>SPI0_IRQHandler</name>
         <value>0x2a2b</value>
         <object_component_ref idref="oc-33"/>
      </symbol>
      <symbol id="sm-b0">
         <name>SPI1_IRQHandler</name>
         <value>0x2a2b</value>
         <object_component_ref idref="oc-33"/>
      </symbol>
      <symbol id="sm-b1">
         <name>UART1_IRQHandler</name>
         <value>0x2a2b</value>
         <object_component_ref idref="oc-33"/>
      </symbol>
      <symbol id="sm-b2">
         <name>UART2_IRQHandler</name>
         <value>0x2a2b</value>
         <object_component_ref idref="oc-33"/>
      </symbol>
      <symbol id="sm-b3">
         <name>UART0_IRQHandler</name>
         <value>0x2a2b</value>
         <object_component_ref idref="oc-33"/>
      </symbol>
      <symbol id="sm-b4">
         <name>TIMG0_IRQHandler</name>
         <value>0x2a2b</value>
         <object_component_ref idref="oc-33"/>
      </symbol>
      <symbol id="sm-b5">
         <name>TIMG6_IRQHandler</name>
         <value>0x2a2b</value>
         <object_component_ref idref="oc-33"/>
      </symbol>
      <symbol id="sm-b6">
         <name>TIMA0_IRQHandler</name>
         <value>0x2a2b</value>
         <object_component_ref idref="oc-33"/>
      </symbol>
      <symbol id="sm-b7">
         <name>TIMA1_IRQHandler</name>
         <value>0x2a2b</value>
         <object_component_ref idref="oc-33"/>
      </symbol>
      <symbol id="sm-b8">
         <name>TIMG7_IRQHandler</name>
         <value>0x2a2b</value>
         <object_component_ref idref="oc-33"/>
      </symbol>
      <symbol id="sm-b9">
         <name>TIMG12_IRQHandler</name>
         <value>0x2a2b</value>
         <object_component_ref idref="oc-33"/>
      </symbol>
      <symbol id="sm-ba">
         <name>I2C0_IRQHandler</name>
         <value>0x2a2b</value>
         <object_component_ref idref="oc-33"/>
      </symbol>
      <symbol id="sm-bb">
         <name>I2C1_IRQHandler</name>
         <value>0x2a2b</value>
         <object_component_ref idref="oc-33"/>
      </symbol>
      <symbol id="sm-bc">
         <name>AES_IRQHandler</name>
         <value>0x2a2b</value>
         <object_component_ref idref="oc-33"/>
      </symbol>
      <symbol id="sm-bd">
         <name>RTC_IRQHandler</name>
         <value>0x2a2b</value>
         <object_component_ref idref="oc-33"/>
      </symbol>
      <symbol id="sm-be">
         <name>DMA_IRQHandler</name>
         <value>0x2a2b</value>
         <object_component_ref idref="oc-33"/>
      </symbol>
      <symbol id="sm-e4">
         <name>GYRO_Init</name>
         <value>0x3895</value>
         <object_component_ref idref="oc-95"/>
      </symbol>
      <symbol id="sm-e5">
         <name>GYRO_Poll</name>
         <value>0x2a2d</value>
         <object_component_ref idref="oc-a0"/>
      </symbol>
      <symbol id="sm-e6">
         <name>GYRO_GetWz</name>
         <value>0x3a59</value>
         <object_component_ref idref="oc-fa"/>
      </symbol>
      <symbol id="sm-e7">
         <name>GYRO_GetYaw</name>
         <value>0x3a65</value>
         <object_component_ref idref="oc-fb"/>
      </symbol>
      <symbol id="sm-f8">
         <name>Motor_Init</name>
         <value>0x3865</value>
         <object_component_ref idref="oc-90"/>
      </symbol>
      <symbol id="sm-f9">
         <name>Motor_SetSpeed</name>
         <value>0x35cd</value>
         <object_component_ref idref="oc-11e"/>
      </symbol>
      <symbol id="sm-fa">
         <name>Motor_Stop</name>
         <value>0x395d</value>
         <object_component_ref idref="oc-119"/>
      </symbol>
      <symbol id="sm-12f">
         <name>OLED_Refresh</name>
         <value>0x2145</value>
         <object_component_ref idref="oc-89"/>
      </symbol>
      <symbol id="sm-130">
         <name>OLED_GRAM</name>
         <value>0x20200000</value>
      </symbol>
      <symbol id="sm-131">
         <name>OLED_Clear</name>
         <value>0x16b5</value>
         <object_component_ref idref="oc-87"/>
      </symbol>
      <symbol id="sm-132">
         <name>OLED_ShowChar</name>
         <value>0x25e5</value>
         <object_component_ref idref="oc-e2"/>
      </symbol>
      <symbol id="sm-133">
         <name>asc2_1608</name>
         <value>0x4804</value>
         <object_component_ref idref="oc-149"/>
      </symbol>
      <symbol id="sm-134">
         <name>asc2_1206</name>
         <value>0x4df4</value>
         <object_component_ref idref="oc-14a"/>
      </symbol>
      <symbol id="sm-135">
         <name>asc2_2412</name>
         <value>0x3aa8</value>
         <object_component_ref idref="oc-14b"/>
      </symbol>
      <symbol id="sm-136">
         <name>OLED_ShowString</name>
         <value>0x3305</value>
         <object_component_ref idref="oc-88"/>
      </symbol>
      <symbol id="sm-137">
         <name>OLED_ShowNum</name>
         <value>0x2395</value>
         <object_component_ref idref="oc-152"/>
      </symbol>
      <symbol id="sm-138">
         <name>OLED_Init</name>
         <value>0xc1</value>
         <object_component_ref idref="oc-81"/>
      </symbol>
      <symbol id="sm-152">
         <name>Turn_Init</name>
         <value>0x39d1</value>
         <object_component_ref idref="oc-9a"/>
      </symbol>
      <symbol id="sm-153">
         <name>Turn_Start</name>
         <value>0x2c41</value>
         <object_component_ref idref="oc-a5"/>
      </symbol>
      <symbol id="sm-154">
         <name>Turn_Task</name>
         <value>0x2785</value>
         <object_component_ref idref="oc-a2"/>
      </symbol>
      <symbol id="sm-155">
         <name>Turn_IsBusy</name>
         <value>0x3a39</value>
         <object_component_ref idref="oc-a4"/>
      </symbol>
      <symbol id="sm-156">
         <name>__TI_ATRegion0_src_addr</name>
         <value>0x0</value>
      </symbol>
      <symbol id="sm-157">
         <name>__TI_ATRegion0_trg_addr</name>
         <value>0x0</value>
      </symbol>
      <symbol id="sm-158">
         <name>__TI_ATRegion0_region_sz</name>
         <value>0x0</value>
      </symbol>
      <symbol id="sm-159">
         <name>__TI_ATRegion1_src_addr</name>
         <value>0x0</value>
      </symbol>
      <symbol id="sm-15a">
         <name>__TI_ATRegion1_trg_addr</name>
         <value>0x0</value>
      </symbol>
      <symbol id="sm-15b">
         <name>__TI_ATRegion1_region_sz</name>
         <value>0x0</value>
      </symbol>
      <symbol id="sm-15c">
         <name>__TI_ATRegion2_src_addr</name>
         <value>0x0</value>
      </symbol>
      <symbol id="sm-15d">
         <name>__TI_ATRegion2_trg_addr</name>
         <value>0x0</value>
      </symbol>
      <symbol id="sm-15e">
         <name>__TI_ATRegion2_region_sz</name>
         <value>0x0</value>
      </symbol>
      <symbol id="sm-167">
         <name>DL_Common_delayCycles</name>
         <value>0x3a7d</value>
         <object_component_ref idref="oc-130"/>
      </symbol>
      <symbol id="sm-173">
         <name>DL_I2C_setClockConfig</name>
         <value>0x3911</value>
         <object_component_ref idref="oc-13a"/>
      </symbol>
      <symbol id="sm-174">
         <name>DL_I2C_fillControllerTXFIFO</name>
         <value>0x3425</value>
         <object_component_ref idref="oc-d9"/>
      </symbol>
      <symbol id="sm-18b">
         <name>DL_Timer_setClockConfig</name>
         <value>0x3999</value>
         <object_component_ref idref="oc-134"/>
      </symbol>
      <symbol id="sm-18c">
         <name>DL_Timer_setCaptureCompareValue</name>
         <value>0x3a29</value>
         <object_component_ref idref="oc-e5"/>
      </symbol>
      <symbol id="sm-18d">
         <name>DL_Timer_setCaptCompUpdateMethod</name>
         <value>0x397d</value>
         <object_component_ref idref="oc-137"/>
      </symbol>
      <symbol id="sm-18e">
         <name>DL_Timer_setCaptureCompareOutCtl</name>
         <value>0x39ed</value>
         <object_component_ref idref="oc-136"/>
      </symbol>
      <symbol id="sm-18f">
         <name>DL_Timer_initFourCCPWMMode</name>
         <value>0x2b3d</value>
         <object_component_ref idref="oc-135"/>
      </symbol>
      <symbol id="sm-19c">
         <name>DL_UART_init</name>
         <value>0x3585</value>
         <object_component_ref idref="oc-142"/>
      </symbol>
      <symbol id="sm-19d">
         <name>DL_UART_setClockConfig</name>
         <value>0x3a05</value>
         <object_component_ref idref="oc-13c"/>
      </symbol>
      <symbol id="sm-1a8">
         <name>_c_int00_noargs</name>
         <value>0x38e9</value>
         <object_component_ref idref="oc-4f"/>
      </symbol>
      <symbol id="sm-1a9">
         <name>__stack</name>
         <value>0x20207e00</value>
         <object_component_ref idref="oc-1a"/>
      </symbol>
      <symbol id="sm-1b5">
         <name>__TI_auto_init_nobinit_nopinit</name>
         <value>0x3745</value>
         <object_component_ref idref="oc-b5"/>
      </symbol>
      <symbol id="sm-1bd">
         <name>_system_pre_init</name>
         <value>0x3a9f</value>
         <object_component_ref idref="oc-5f"/>
      </symbol>
      <symbol id="sm-1c8">
         <name>__TI_zero_init</name>
         <value>0x3a49</value>
         <object_component_ref idref="oc-4c"/>
      </symbol>
      <symbol id="sm-1d1">
         <name>__TI_decompress_none</name>
         <value>0x3a17</value>
         <object_component_ref idref="oc-20"/>
      </symbol>
      <symbol id="sm-1dc">
         <name>__TI_decompress_lzss</name>
         <value>0x315d</value>
         <object_component_ref idref="oc-1c"/>
      </symbol>
      <symbol id="sm-1e6">
         <name>abort</name>
         <value>0x3a91</value>
         <object_component_ref idref="oc-ae"/>
      </symbol>
      <symbol id="sm-1f0">
         <name>HOSTexit</name>
         <value>0x3a97</value>
         <object_component_ref idref="oc-11f"/>
      </symbol>
      <symbol id="sm-1f1">
         <name>C$$EXIT</name>
         <value>0x3a96</value>
         <object_component_ref idref="oc-11f"/>
      </symbol>
      <symbol id="sm-1f7">
         <name>__aeabi_fadd</name>
         <value>0x2e37</value>
         <object_component_ref idref="oc-111"/>
      </symbol>
      <symbol id="sm-1f8">
         <name>__addsf3</name>
         <value>0x2e37</value>
         <object_component_ref idref="oc-111"/>
      </symbol>
      <symbol id="sm-1f9">
         <name>__aeabi_fsub</name>
         <value>0x2e2d</value>
         <object_component_ref idref="oc-111"/>
      </symbol>
      <symbol id="sm-1fa">
         <name>__subsf3</name>
         <value>0x2e2d</value>
         <object_component_ref idref="oc-111"/>
      </symbol>
      <symbol id="sm-200">
         <name>__aeabi_fmul</name>
         <value>0x30d1</value>
         <object_component_ref idref="oc-10a"/>
      </symbol>
      <symbol id="sm-201">
         <name>__mulsf3</name>
         <value>0x30d1</value>
         <object_component_ref idref="oc-10a"/>
      </symbol>
      <symbol id="sm-207">
         <name>__aeabi_f2iz</name>
         <value>0x37f9</value>
         <object_component_ref idref="oc-11a"/>
      </symbol>
      <symbol id="sm-208">
         <name>__fixsfsi</name>
         <value>0x37f9</value>
         <object_component_ref idref="oc-11a"/>
      </symbol>
      <symbol id="sm-20e">
         <name>__aeabi_f2uiz</name>
         <value>0x3831</value>
         <object_component_ref idref="oc-14e"/>
      </symbol>
      <symbol id="sm-20f">
         <name>__fixunssfsi</name>
         <value>0x3831</value>
         <object_component_ref idref="oc-14e"/>
      </symbol>
      <symbol id="sm-215">
         <name>__aeabi_i2f</name>
         <value>0x36cd</value>
         <object_component_ref idref="oc-106"/>
      </symbol>
      <symbol id="sm-216">
         <name>__floatsisf</name>
         <value>0x36cd</value>
         <object_component_ref idref="oc-106"/>
      </symbol>
      <symbol id="sm-21c">
         <name>__aeabi_ui2f</name>
         <value>0x38c1</value>
         <object_component_ref idref="oc-153"/>
      </symbol>
      <symbol id="sm-21d">
         <name>__floatunsisf</name>
         <value>0x38c1</value>
         <object_component_ref idref="oc-153"/>
      </symbol>
      <symbol id="sm-223">
         <name>__aeabi_fcmpeq</name>
         <value>0x3241</value>
         <object_component_ref idref="oc-115"/>
      </symbol>
      <symbol id="sm-224">
         <name>__aeabi_fcmplt</name>
         <value>0x3255</value>
         <object_component_ref idref="oc-115"/>
      </symbol>
      <symbol id="sm-225">
         <name>__aeabi_fcmple</name>
         <value>0x3269</value>
         <object_component_ref idref="oc-115"/>
      </symbol>
      <symbol id="sm-226">
         <name>__aeabi_fcmpge</name>
         <value>0x327d</value>
         <object_component_ref idref="oc-115"/>
      </symbol>
      <symbol id="sm-227">
         <name>__aeabi_fcmpgt</name>
         <value>0x3291</value>
         <object_component_ref idref="oc-115"/>
      </symbol>
      <symbol id="sm-22d">
         <name>__aeabi_idiv</name>
         <value>0x3485</value>
         <object_component_ref idref="oc-fd"/>
      </symbol>
      <symbol id="sm-22e">
         <name>__aeabi_idivmod</name>
         <value>0x3485</value>
         <object_component_ref idref="oc-fd"/>
      </symbol>
      <symbol id="sm-234">
         <name>__aeabi_memcpy</name>
         <value>0x3a89</value>
         <object_component_ref idref="oc-3f"/>
      </symbol>
      <symbol id="sm-235">
         <name>__aeabi_memcpy4</name>
         <value>0x3a89</value>
         <object_component_ref idref="oc-3f"/>
      </symbol>
      <symbol id="sm-236">
         <name>__aeabi_memcpy8</name>
         <value>0x3a89</value>
         <object_component_ref idref="oc-3f"/>
      </symbol>
      <symbol id="sm-23d">
         <name>__aeabi_memclr</name>
         <value>0x3a71</value>
         <object_component_ref idref="oc-5a"/>
      </symbol>
      <symbol id="sm-23e">
         <name>__aeabi_memclr4</name>
         <value>0x3a71</value>
         <object_component_ref idref="oc-5a"/>
      </symbol>
      <symbol id="sm-23f">
         <name>__aeabi_memclr8</name>
         <value>0x3a71</value>
         <object_component_ref idref="oc-5a"/>
      </symbol>
      <symbol id="sm-245">
         <name>__aeabi_uidiv</name>
         <value>0x364d</value>
         <object_component_ref idref="oc-17d"/>
      </symbol>
      <symbol id="sm-246">
         <name>__aeabi_uidivmod</name>
         <value>0x364d</value>
         <object_component_ref idref="oc-17d"/>
      </symbol>
      <symbol id="sm-24f">
         <name>__eqsf2</name>
         <value>0x3781</value>
         <object_component_ref idref="oc-164"/>
      </symbol>
      <symbol id="sm-250">
         <name>__lesf2</name>
         <value>0x3781</value>
         <object_component_ref idref="oc-164"/>
      </symbol>
      <symbol id="sm-251">
         <name>__ltsf2</name>
         <value>0x3781</value>
         <object_component_ref idref="oc-164"/>
      </symbol>
      <symbol id="sm-252">
         <name>__nesf2</name>
         <value>0x3781</value>
         <object_component_ref idref="oc-164"/>
      </symbol>
      <symbol id="sm-253">
         <name>__cmpsf2</name>
         <value>0x3781</value>
         <object_component_ref idref="oc-164"/>
      </symbol>
      <symbol id="sm-254">
         <name>__gtsf2</name>
         <value>0x3709</value>
         <object_component_ref idref="oc-169"/>
      </symbol>
      <symbol id="sm-255">
         <name>__gesf2</name>
         <value>0x3709</value>
         <object_component_ref idref="oc-169"/>
      </symbol>
      <symbol id="sm-25b">
         <name>__muldsi3</name>
         <value>0x37bd</value>
         <object_component_ref idref="oc-15e"/>
      </symbol>
      <symbol id="sm-265">
         <name>__aeabi_idiv0</name>
         <value>0x3043</value>
         <object_component_ref idref="oc-157"/>
      </symbol>
      <symbol id="sm-27e">
         <name>memcpy</name>
         <value>0x2fa9</value>
         <object_component_ref idref="oc-77"/>
      </symbol>
      <symbol id="sm-28d">
         <name>memset</name>
         <value>0x32a3</value>
         <object_component_ref idref="oc-cd"/>
      </symbol>
      <symbol id="sm-28e">
         <name>__TI_static_base__</name>
         <value>0x0</value>
      </symbol>
      <symbol id="sm-291">
         <name>__mpu_init</name>
         <value>0x0</value>
      </symbol>
      <symbol id="sm-292">
         <name>_system_post_cinit</name>
         <value>0x0</value>
      </symbol>
   </symbol_table>
   <title>Link successful</title>
</link_info>
