******************************************************************************
            TI ARM Clang Linker PC v4.0.4                      
******************************************************************************
>> Linked Tue Jun 30 20:42:54 2026

OUTPUT FILE NAME:   <turn.out>
ENTRY POINT SYMBOL: "_c_int00_noargs"  address: 000038e9


MEMORY CONFIGURATION

         name            origin    length      used     unused   attr    fill
----------------------  --------  ---------  --------  --------  ----  --------
  FLASH                 00000000   00020000  000052f0  0001ad10  R  X
  SRAM                  20200000   00008000  000006a6  0000795a  RW X
  BCR_CONFIG            41c00000   000000ff  00000000  000000ff  R   
  BSL_CONFIG            41c00100   00000080  00000000  00000080  R   


SEGMENT ALLOCATION MAP

run origin  load origin   length   init length attrs members
----------  ----------- ---------- ----------- ----- -------
00000000    00000000    000052f0   000052f0    r-x
  00000000    00000000    000000c0   000000c0    r-- .intvecs
  000000c0    000000c0    000039e8   000039e8    r-x .text
  00003aa8    00003aa8    00001818   00001818    r-- .rodata
  000052c0    000052c0    00000030   00000030    r-- .cinit
20200000    20200000    000004a9   00000000    rw-
  20200000    20200000    00000499   00000000    rw- .bss
  2020049c    2020049c    0000000d   00000000    rw- .data
20207e00    20207e00    00000200   00000000    rw-
  20207e00    20207e00    00000200   00000000    rw- .stack


SECTION ALLOCATION MAP

 output                                  attributes/
section   page    origin      length       input sections
--------  ----  ----------  ----------   ----------------
.intvecs   0    00000000    000000c0     
                  00000000    000000c0     startup_mspm0g350x_ticlang.o (.intvecs)

.text      0    000000c0    000039e8     
                  000000c0    000015f4     oled.o (.text.OLED_Init)
                  000016b4    00000a90     oled.o (.text.OLED_Clear)
                  00002144    00000250     oled.o (.text.OLED_Refresh)
                  00002394    00000250     oled.o (.text.OLED_ShowNum)
                  000025e4    000001a0     oled.o (.text.OLED_ShowChar)
                  00002784    0000018c     turn.o (.text.Turn_Task)
                  00002910    0000011a     empty.o (.text.OLED_ShowSignedFloat)
                  00002a2a    00000002     startup_mspm0g350x_ticlang.o (.text.Default_Handler)
                  00002a2c    00000110     gyro.o (.text.GYRO_Poll)
                  00002b3c    00000104     driverlib.a : dl_timer.o (.text.DL_Timer_initFourCCPWMMode)
                  00002c40    000000fc     turn.o (.text.Turn_Start)
                  00002d3c    000000f0     empty.o (.text.display_update)
                  00002e2c    000000d8     libclang_rt.builtins.a : addsf3.S.obj (.text)
                  00002f04    000000a4     empty.o (.text.main)
                  00002fa8    0000009a     libc.a : memcpy16.S.obj (.text:memcpy)
                  00003042    00000002     libclang_rt.builtins.a : aeabi_div0.c.obj (.text.__aeabi_idiv0)
                  00003044    0000008c     ti_msp_dl_config.o (.text.SYSCFG_DL_PWM_0_init)
                  000030d0    0000008c     libclang_rt.builtins.a : mulsf3.S.obj (.text.__mulsf3)
                  0000315c    0000007c     libc.a : copy_decompress_lzss.c.obj (.text:decompress:lzss)
                  000031d8    00000068     ti_msp_dl_config.o (.text.SYSCFG_DL_GPIO_init)
                  00003240    00000062     libclang_rt.builtins.a : aeabi_fcmp.S.obj (.text.__aeabi_fcmp)
                  000032a2    00000062     libc.a : memset16.S.obj (.text:memset)
                  00003304    00000060     oled.o (.text.OLED_ShowString)
                  00003364    00000060     ti_msp_dl_config.o (.text.SYSCFG_DL_UART_0_init)
                  000033c4    00000060     ti_msp_dl_config.o (.text.SYSCFG_DL_UART_2_init)
                  00003424    0000005e     driverlib.a : dl_i2c.o (.text.DL_I2C_fillControllerTXFIFO)
                  00003482    00000002     --HOLE-- [fill = 0]
                  00003484    00000056     libclang_rt.builtins.a : aeabi_idivmod.S.obj (.text.__aeabi_idivmod)
                  000034da    00000002     --HOLE-- [fill = 0]
                  000034dc    00000054     ti_msp_dl_config.o (.text.SYSCFG_DL_OLED_init)
                  00003530    00000054     ti_msp_dl_config.o (.text.SYSCFG_DL_initPower)
                  00003584    00000048     driverlib.a : dl_uart.o (.text.DL_UART_init)
                  000035cc    00000040     motor.o (.text.Motor_SetSpeed)
                  0000360c    00000040     ti_msp_dl_config.o (.text.SYSCFG_DL_SYSCTL_init)
                  0000364c    00000040     libclang_rt.builtins.a : aeabi_uidivmod.S.obj (.text.__aeabi_uidivmod)
                  0000368c    00000040     delay.o (.text.delay_ms)
                  000036cc    0000003c     libclang_rt.builtins.a : floatsisf.S.obj (.text.__floatsisf)
                  00003708    0000003c                            : comparesf2.S.obj (.text.__gtsf2)
                  00003744    0000003c     libc.a : autoinit.c.obj (.text:__TI_auto_init_nobinit_nopinit)
                  00003780    0000003a     libclang_rt.builtins.a : comparesf2.S.obj (.text.__eqsf2)
                  000037ba    00000002     --HOLE-- [fill = 0]
                  000037bc    0000003a                            : muldsi3.S.obj (.text.__muldsi3)
                  000037f6    00000002     --HOLE-- [fill = 0]
                  000037f8    00000038                            : fixsfsi.S.obj (.text.__fixsfsi)
                  00003830    00000032                            : fixunssfsi.S.obj (.text.__fixunssfsi)
                  00003862    00000002     --HOLE-- [fill = 0]
                  00003864    00000030     motor.o (.text.Motor_Init)
                  00003894    0000002c     gyro.o (.text.GYRO_Init)
                  000038c0    00000028     libclang_rt.builtins.a : floatunsisf.S.obj (.text.__floatunsisf)
                  000038e8    00000028     libc.a : boot_cortex_m.c.obj (.text:_c_int00_noargs)
                  00003910    00000026     driverlib.a : dl_i2c.o (.text.DL_I2C_setClockConfig)
                  00003936    00000024     ti_msp_dl_config.o (.text.SYSCFG_DL_init)
                  0000395a    00000002     --HOLE-- [fill = 0]
                  0000395c    00000020     motor.o (.text.Motor_Stop)
                  0000397c    0000001c     driverlib.a : dl_timer.o (.text.DL_Timer_setCaptCompUpdateMethod)
                  00003998    0000001c                 : dl_timer.o (.text.DL_Timer_setClockConfig)
                  000039b4    0000001c     ti_msp_dl_config.o (.text.SYSCFG_DL_SYSTICK_init)
                  000039d0    0000001c     turn.o (.text.Turn_Init)
                  000039ec    00000018     driverlib.a : dl_timer.o (.text.DL_Timer_setCaptureCompareOutCtl)
                  00003a04    00000012                 : dl_uart.o (.text.DL_UART_setClockConfig)
                  00003a16    00000012     libc.a : copy_decompress_none.c.obj (.text:decompress:none)
                  00003a28    00000010     driverlib.a : dl_timer.o (.text.DL_Timer_setCaptureCompareValue)
                  00003a38    00000010     turn.o (.text.Turn_IsBusy)
                  00003a48    00000010     libc.a : copy_zero_init.c.obj (.text:decompress:ZI)
                  00003a58    0000000c     gyro.o (.text.GYRO_GetWz)
                  00003a64    0000000c     gyro.o (.text.GYRO_GetYaw)
                  00003a70    0000000c     libclang_rt.builtins.a : aeabi_memset.S.obj (.text.__aeabi_memclr)
                  00003a7c    0000000a     driverlib.a : dl_common.o (.text.DL_Common_delayCycles)
                  00003a86    00000002     --HOLE-- [fill = 0]
                  00003a88    00000008     libclang_rt.builtins.a : aeabi_memcpy.S.obj (.text.__aeabi_memcpy)
                  00003a90    00000006     libc.a : exit.c.obj (.text:abort)
                  00003a96    00000004     libsysbm.a : hostexit.c.obj (.text.HOSTexit)
                  00003a9a    00000004     startup_mspm0g350x_ticlang.o (.text.Reset_Handler)
                  00003a9e    00000004     libc.a : pre_init.c.obj (.text._system_pre_init)
                  00003aa2    00000006     --HOLE-- [fill = 0]

.cinit     0    000052c0    00000030     
                  000052c0    0000000c     (__TI_handler_table)
                  000052cc    00000008     (.cinit..bss.load) [load image, compression = zero_init]
                  000052d4    00000007     (.cinit..data.load) [load image, compression = lzss]
                  000052db    00000001     --HOLE-- [fill = 0]
                  000052dc    00000010     (__TI_cinit_table)
                  000052ec    00000004     --HOLE-- [fill = 0]

.rodata    0    00003aa8    00001818     
                  00003aa8    00000d5c     oled.o (.rodata.asc2_2412)
                  00004804    000005f0     oled.o (.rodata.asc2_1608)
                  00004df4    00000474     oled.o (.rodata.asc2_1206)
                  00005268    0000000b     empty.o (.rodata.str1.7401042497206923953.1)
                  00005273    00000001     --HOLE-- [fill = 0]
                  00005274    0000000a     ti_msp_dl_config.o (.rodata.gUART_0Config)
                  0000527e    0000000a     ti_msp_dl_config.o (.rodata.gUART_2Config)
                  00005288    0000000a     empty.o (.rodata.str1.9517790425240694019.1)
                  00005292    00000002     ti_msp_dl_config.o (.rodata.gOLEDClockConfig)
                  00005294    00000008     ti_msp_dl_config.o (.rodata.gPWM_0Config)
                  0000529c    00000008     empty.o (.rodata.str1.16704889451495720520.1)
                  000052a4    00000008     empty.o (.rodata.str1.254342170260855183.1)
                  000052ac    00000004     empty.o (.rodata.str1.11898133897667081452.1)
                  000052b0    00000003     ti_msp_dl_config.o (.rodata.gPWM_0ClockConfig)
                  000052b3    00000003     empty.o (.rodata.str1.14685083708502177989.1)
                  000052b6    00000003     empty.o (.rodata.str1.17669528882079347314.1)
                  000052b9    00000002     ti_msp_dl_config.o (.rodata.gUART_0ClockConfig)
                  000052bb    00000002     ti_msp_dl_config.o (.rodata.gUART_2ClockConfig)
                  000052bd    00000003     --HOLE-- [fill = 0]

.init_array 
*          0    00000000    00000000     UNINITIALIZED

.binit     0    00000000    00000000     

.bss       0    20200000    00000499     UNINITIALIZED
                  20200000    00000480     (.common:OLED_GRAM)
                  20200480    00000004     gyro.o (.bss.gyro_data.0)
                  20200484    00000004     gyro.o (.bss.gyro_data.1)
                  20200488    00000004     turn.o (.bss.turn_direction)
                  2020048c    00000004     turn.o (.bss.turn_target_yaw)
                  20200490    00000001     gyro.o (.bss.frame_dh)
                  20200491    00000001     gyro.o (.bss.frame_dl)
                  20200492    00000001     gyro.o (.bss.frame_type)
                  20200493    00000001     gyro.o (.bss.state)
                  20200494    00000001     gyro.o (.bss.gyro_data.4)
                  20200495    00000003     --HOLE--
                  20200498    00000001     gyro.o (.bss.gyro_data.5)

.data      0    2020049c    0000000d     UNINITIALIZED
                  2020049c    00000004     empty.o (.data.idle_timer)
                  202004a0    00000004     empty.o (.data.main.loop_cnt)
                  202004a4    00000004     empty.o (.data.turn_count)
                  202004a8    00000001     turn.o (.data.turn_state)

.stack     0    20207e00    00000200     UNINITIALIZED
                  20207e00    00000004     libc.a : boot_cortex_m.c.obj (.stack)
                  20207e04    000001fc     --HOLE--

__llvm_prf_cnts 
*          0    20200000    00000000     UNINITIALIZED

__llvm_prf_bits 
*          0    20200000    00000000     UNINITIALIZED

MODULE SUMMARY

       Module                         code    ro data   rw data
       ------                         ----    -------   -------
    .\
       oled.o                         10020   6080      1152   
       ti_msp_dl_config.o             732     37        0      
       empty.o                        686     47        12     
       turn.o                         692     0         9      
       gyro.o                         340     0         14     
       startup_mspm0g350x_ticlang.o   6       192       0      
       motor.o                        144     0         0      
       delay.o                        64      0         0      
    +--+------------------------------+-------+---------+---------+
       Total:                         12684   6356      1187   
                                                               
    D:/ti/mspm0_sdk_2_10_00_04/source/ti/driverlib/lib/ticlang/m0p/mspm0g1x0x_g3x0x/driverlib.a
       dl_timer.o                     356     0         0      
       dl_i2c.o                       132     0         0      
       dl_uart.o                      90      0         0      
       dl_common.o                    10      0         0      
    +--+------------------------------+-------+---------+---------+
       Total:                         588     0         0      
                                                               
    D:\ti\ccs2050\ccs\tools\compiler\ti-cgt-armllvm_4.0.4.LTS\lib\armv6m-ti-none-eabi/c/libc.a
       memcpy16.S.obj                 154     0         0      
       copy_decompress_lzss.c.obj     124     0         0      
       memset16.S.obj                 98      0         0      
       autoinit.c.obj                 60      0         0      
       boot_cortex_m.c.obj            40      0         0      
       copy_decompress_none.c.obj     18      0         0      
       copy_zero_init.c.obj           16      0         0      
       exit.c.obj                     6       0         0      
       pre_init.c.obj                 4       0         0      
    +--+------------------------------+-------+---------+---------+
       Total:                         520     0         0      
                                                               
    D:\ti\ccs2050\ccs\tools\compiler\ti-cgt-armllvm_4.0.4.LTS\lib\armv6m-ti-none-eabi/c/libsysbm.a
       hostexit.c.obj                 4       0         0      
    +--+------------------------------+-------+---------+---------+
       Total:                         4       0         0      
                                                               
    D:\ti\ccs2050\ccs\tools\compiler\ti-cgt-armllvm_4.0.4.LTS\lib\armv6m-ti-none-eabi/libclang_rt.builtins.a
       addsf3.S.obj                   216     0         0      
       mulsf3.S.obj                   140     0         0      
       comparesf2.S.obj               118     0         0      
       aeabi_fcmp.S.obj               98      0         0      
       aeabi_idivmod.S.obj            86      0         0      
       aeabi_uidivmod.S.obj           64      0         0      
       floatsisf.S.obj                60      0         0      
       muldsi3.S.obj                  58      0         0      
       fixsfsi.S.obj                  56      0         0      
       fixunssfsi.S.obj               50      0         0      
       floatunsisf.S.obj              40      0         0      
       aeabi_memset.S.obj             12      0         0      
       aeabi_memcpy.S.obj             8       0         0      
       aeabi_div0.c.obj               2       0         0      
    +--+------------------------------+-------+---------+---------+
       Total:                         1008    0         0      
                                                               
       Stack:                         0       0         512    
       Linker Generated:              0       43        0      
    +--+------------------------------+-------+---------+---------+
       Grand Total:                   14804   6399      1699   


LINKER GENERATED COPY TABLES

__TI_cinit_table @ 000052dc records: 2, size/record: 8, table size: 16
	.bss: load addr=000052cc, load size=00000008 bytes, run addr=20200000, run size=00000499 bytes, compression=zero_init
	.data: load addr=000052d4, load size=00000007 bytes, run addr=2020049c, run size=0000000d bytes, compression=lzss


LINKER GENERATED HANDLER TABLE

__TI_handler_table @ 000052c0 records: 3, size/record: 4, table size: 12
	index: 0, handler: __TI_decompress_lzss
	index: 1, handler: __TI_decompress_none
	index: 2, handler: __TI_zero_init


GLOBAL SYMBOLS: SORTED ALPHABETICALLY BY Name 

address   name                            
-------   ----                            
00002a2b  ADC0_IRQHandler                 
00002a2b  ADC1_IRQHandler                 
00002a2b  AES_IRQHandler                  
00003a96  C$$EXIT                         
00002a2b  CANFD0_IRQHandler               
00002a2b  DAC0_IRQHandler                 
00003a7d  DL_Common_delayCycles           
00003425  DL_I2C_fillControllerTXFIFO     
00003911  DL_I2C_setClockConfig           
00002b3d  DL_Timer_initFourCCPWMMode      
0000397d  DL_Timer_setCaptCompUpdateMethod
000039ed  DL_Timer_setCaptureCompareOutCtl
00003a29  DL_Timer_setCaptureCompareValue 
00003999  DL_Timer_setClockConfig         
00003585  DL_UART_init                    
00003a05  DL_UART_setClockConfig          
00002a2b  DMA_IRQHandler                  
00002a2b  Default_Handler                 
00002a2b  GROUP0_IRQHandler               
00002a2b  GROUP1_IRQHandler               
00003a59  GYRO_GetWz                      
00003a65  GYRO_GetYaw                     
00003895  GYRO_Init                       
00002a2d  GYRO_Poll                       
00003a97  HOSTexit                        
00002a2b  HardFault_Handler               
00002a2b  I2C0_IRQHandler                 
00002a2b  I2C1_IRQHandler                 
00003865  Motor_Init                      
000035cd  Motor_SetSpeed                  
0000395d  Motor_Stop                      
00002a2b  NMI_Handler                     
000016b5  OLED_Clear                      
20200000  OLED_GRAM                       
000000c1  OLED_Init                       
00002145  OLED_Refresh                    
000025e5  OLED_ShowChar                   
00002395  OLED_ShowNum                    
00003305  OLED_ShowString                 
00002a2b  PendSV_Handler                  
00002a2b  RTC_IRQHandler                  
00003a9b  Reset_Handler                   
00002a2b  SPI0_IRQHandler                 
00002a2b  SPI1_IRQHandler                 
00002a2b  SVC_Handler                     
000031d9  SYSCFG_DL_GPIO_init             
000034dd  SYSCFG_DL_OLED_init             
00003045  SYSCFG_DL_PWM_0_init            
0000360d  SYSCFG_DL_SYSCTL_init           
000039b5  SYSCFG_DL_SYSTICK_init          
00003365  SYSCFG_DL_UART_0_init           
000033c5  SYSCFG_DL_UART_2_init           
00003937  SYSCFG_DL_init                  
00003531  SYSCFG_DL_initPower             
00002a2b  SysTick_Handler                 
00002a2b  TIMA0_IRQHandler                
00002a2b  TIMA1_IRQHandler                
00002a2b  TIMG0_IRQHandler                
00002a2b  TIMG12_IRQHandler               
00002a2b  TIMG6_IRQHandler                
00002a2b  TIMG7_IRQHandler                
00002a2b  TIMG8_IRQHandler                
000039d1  Turn_Init                       
00003a39  Turn_IsBusy                     
00002c41  Turn_Start                      
00002785  Turn_Task                       
00002a2b  UART0_IRQHandler                
00002a2b  UART1_IRQHandler                
00002a2b  UART2_IRQHandler                
00002a2b  UART3_IRQHandler                
20208000  __STACK_END                     
00000200  __STACK_SIZE                    
00000000  __TI_ATRegion0_region_sz        
00000000  __TI_ATRegion0_src_addr         
00000000  __TI_ATRegion0_trg_addr         
00000000  __TI_ATRegion1_region_sz        
00000000  __TI_ATRegion1_src_addr         
00000000  __TI_ATRegion1_trg_addr         
00000000  __TI_ATRegion2_region_sz        
00000000  __TI_ATRegion2_src_addr         
00000000  __TI_ATRegion2_trg_addr         
000052dc  __TI_CINIT_Base                 
000052ec  __TI_CINIT_Limit                
000052ec  __TI_CINIT_Warm                 
000052c0  __TI_Handler_Table_Base         
000052cc  __TI_Handler_Table_Limit        
00003745  __TI_auto_init_nobinit_nopinit  
0000315d  __TI_decompress_lzss            
00003a17  __TI_decompress_none            
ffffffff  __TI_pprof_out_hndl             
ffffffff  __TI_prof_data_size             
ffffffff  __TI_prof_data_start            
00000000  __TI_static_base__              
00003a49  __TI_zero_init                  
00002e37  __addsf3                        
000037f9  __aeabi_f2iz                    
00003831  __aeabi_f2uiz                   
00002e37  __aeabi_fadd                    
00003241  __aeabi_fcmpeq                  
0000327d  __aeabi_fcmpge                  
00003291  __aeabi_fcmpgt                  
00003269  __aeabi_fcmple                  
00003255  __aeabi_fcmplt                  
000030d1  __aeabi_fmul                    
00002e2d  __aeabi_fsub                    
000036cd  __aeabi_i2f                     
00003485  __aeabi_idiv                    
00003043  __aeabi_idiv0                   
00003485  __aeabi_idivmod                 
00003a71  __aeabi_memclr                  
00003a71  __aeabi_memclr4                 
00003a71  __aeabi_memclr8                 
00003a89  __aeabi_memcpy                  
00003a89  __aeabi_memcpy4                 
00003a89  __aeabi_memcpy8                 
000038c1  __aeabi_ui2f                    
0000364d  __aeabi_uidiv                   
0000364d  __aeabi_uidivmod                
ffffffff  __binit__                       
00003781  __cmpsf2                        
00003781  __eqsf2                         
000037f9  __fixsfsi                       
00003831  __fixunssfsi                    
000036cd  __floatsisf                     
000038c1  __floatunsisf                   
00003709  __gesf2                         
00003709  __gtsf2                         
00003781  __lesf2                         
00003781  __ltsf2                         
UNDEFED   __mpu_init                      
000037bd  __muldsi3                       
000030d1  __mulsf3                        
00003781  __nesf2                         
20207e00  __stack                         
20200000  __start___llvm_prf_bits         
20200000  __start___llvm_prf_cnts         
20200000  __stop___llvm_prf_bits          
20200000  __stop___llvm_prf_cnts          
00002e2d  __subsf3                        
000038e9  _c_int00_noargs                 
UNDEFED   _system_post_cinit              
00003a9f  _system_pre_init                
00003a91  abort                           
00004df4  asc2_1206                       
00004804  asc2_1608                       
00003aa8  asc2_2412                       
ffffffff  binit                           
0000368d  delay_ms                        
00000000  interruptVectors                
00002f05  main                            
00002fa9  memcpy                          
000032a3  memset                          


GLOBAL SYMBOLS: SORTED BY Symbol Address 

address   name                            
-------   ----                            
00000000  __TI_ATRegion0_region_sz        
00000000  __TI_ATRegion0_src_addr         
00000000  __TI_ATRegion0_trg_addr         
00000000  __TI_ATRegion1_region_sz        
00000000  __TI_ATRegion1_src_addr         
00000000  __TI_ATRegion1_trg_addr         
00000000  __TI_ATRegion2_region_sz        
00000000  __TI_ATRegion2_src_addr         
00000000  __TI_ATRegion2_trg_addr         
00000000  __TI_static_base__              
00000000  interruptVectors                
000000c1  OLED_Init                       
00000200  __STACK_SIZE                    
000016b5  OLED_Clear                      
00002145  OLED_Refresh                    
00002395  OLED_ShowNum                    
000025e5  OLED_ShowChar                   
00002785  Turn_Task                       
00002a2b  ADC0_IRQHandler                 
00002a2b  ADC1_IRQHandler                 
00002a2b  AES_IRQHandler                  
00002a2b  CANFD0_IRQHandler               
00002a2b  DAC0_IRQHandler                 
00002a2b  DMA_IRQHandler                  
00002a2b  Default_Handler                 
00002a2b  GROUP0_IRQHandler               
00002a2b  GROUP1_IRQHandler               
00002a2b  HardFault_Handler               
00002a2b  I2C0_IRQHandler                 
00002a2b  I2C1_IRQHandler                 
00002a2b  NMI_Handler                     
00002a2b  PendSV_Handler                  
00002a2b  RTC_IRQHandler                  
00002a2b  SPI0_IRQHandler                 
00002a2b  SPI1_IRQHandler                 
00002a2b  SVC_Handler                     
00002a2b  SysTick_Handler                 
00002a2b  TIMA0_IRQHandler                
00002a2b  TIMA1_IRQHandler                
00002a2b  TIMG0_IRQHandler                
00002a2b  TIMG12_IRQHandler               
00002a2b  TIMG6_IRQHandler                
00002a2b  TIMG7_IRQHandler                
00002a2b  TIMG8_IRQHandler                
00002a2b  UART0_IRQHandler                
00002a2b  UART1_IRQHandler                
00002a2b  UART2_IRQHandler                
00002a2b  UART3_IRQHandler                
00002a2d  GYRO_Poll                       
00002b3d  DL_Timer_initFourCCPWMMode      
00002c41  Turn_Start                      
00002e2d  __aeabi_fsub                    
00002e2d  __subsf3                        
00002e37  __addsf3                        
00002e37  __aeabi_fadd                    
00002f05  main                            
00002fa9  memcpy                          
00003043  __aeabi_idiv0                   
00003045  SYSCFG_DL_PWM_0_init            
000030d1  __aeabi_fmul                    
000030d1  __mulsf3                        
0000315d  __TI_decompress_lzss            
000031d9  SYSCFG_DL_GPIO_init             
00003241  __aeabi_fcmpeq                  
00003255  __aeabi_fcmplt                  
00003269  __aeabi_fcmple                  
0000327d  __aeabi_fcmpge                  
00003291  __aeabi_fcmpgt                  
000032a3  memset                          
00003305  OLED_ShowString                 
00003365  SYSCFG_DL_UART_0_init           
000033c5  SYSCFG_DL_UART_2_init           
00003425  DL_I2C_fillControllerTXFIFO     
00003485  __aeabi_idiv                    
00003485  __aeabi_idivmod                 
000034dd  SYSCFG_DL_OLED_init             
00003531  SYSCFG_DL_initPower             
00003585  DL_UART_init                    
000035cd  Motor_SetSpeed                  
0000360d  SYSCFG_DL_SYSCTL_init           
0000364d  __aeabi_uidiv                   
0000364d  __aeabi_uidivmod                
0000368d  delay_ms                        
000036cd  __aeabi_i2f                     
000036cd  __floatsisf                     
00003709  __gesf2                         
00003709  __gtsf2                         
00003745  __TI_auto_init_nobinit_nopinit  
00003781  __cmpsf2                        
00003781  __eqsf2                         
00003781  __lesf2                         
00003781  __ltsf2                         
00003781  __nesf2                         
000037bd  __muldsi3                       
000037f9  __aeabi_f2iz                    
000037f9  __fixsfsi                       
00003831  __aeabi_f2uiz                   
00003831  __fixunssfsi                    
00003865  Motor_Init                      
00003895  GYRO_Init                       
000038c1  __aeabi_ui2f                    
000038c1  __floatunsisf                   
000038e9  _c_int00_noargs                 
00003911  DL_I2C_setClockConfig           
00003937  SYSCFG_DL_init                  
0000395d  Motor_Stop                      
0000397d  DL_Timer_setCaptCompUpdateMethod
00003999  DL_Timer_setClockConfig         
000039b5  SYSCFG_DL_SYSTICK_init          
000039d1  Turn_Init                       
000039ed  DL_Timer_setCaptureCompareOutCtl
00003a05  DL_UART_setClockConfig          
00003a17  __TI_decompress_none            
00003a29  DL_Timer_setCaptureCompareValue 
00003a39  Turn_IsBusy                     
00003a49  __TI_zero_init                  
00003a59  GYRO_GetWz                      
00003a65  GYRO_GetYaw                     
00003a71  __aeabi_memclr                  
00003a71  __aeabi_memclr4                 
00003a71  __aeabi_memclr8                 
00003a7d  DL_Common_delayCycles           
00003a89  __aeabi_memcpy                  
00003a89  __aeabi_memcpy4                 
00003a89  __aeabi_memcpy8                 
00003a91  abort                           
00003a96  C$$EXIT                         
00003a97  HOSTexit                        
00003a9b  Reset_Handler                   
00003a9f  _system_pre_init                
00003aa8  asc2_2412                       
00004804  asc2_1608                       
00004df4  asc2_1206                       
000052c0  __TI_Handler_Table_Base         
000052cc  __TI_Handler_Table_Limit        
000052dc  __TI_CINIT_Base                 
000052ec  __TI_CINIT_Limit                
000052ec  __TI_CINIT_Warm                 
20200000  OLED_GRAM                       
20200000  __start___llvm_prf_bits         
20200000  __start___llvm_prf_cnts         
20200000  __stop___llvm_prf_bits          
20200000  __stop___llvm_prf_cnts          
20207e00  __stack                         
20208000  __STACK_END                     
ffffffff  __TI_pprof_out_hndl             
ffffffff  __TI_prof_data_size             
ffffffff  __TI_prof_data_start            
ffffffff  __binit__                       
ffffffff  binit                           
UNDEFED   __mpu_init                      
UNDEFED   _system_post_cinit              

[152 symbols]
