******************************************************************************
            TI ARM Clang Linker PC v4.0.4                      
******************************************************************************
>> Linked Tue Jun 30 20:34:18 2026

OUTPUT FILE NAME:   <turn.out>
ENTRY POINT SYMBOL: "_c_int00_noargs"  address: 000034fd


MEMORY CONFIGURATION

         name            origin    length      used     unused   attr    fill
----------------------  --------  ---------  --------  --------  ----  --------
  FLASH                 00000000   00020000  00004ea8  0001b158  R  X
  SRAM                  20200000   00008000  00000695  0000796b  RW X
  BCR_CONFIG            41c00000   000000ff  00000000  000000ff  R   
  BSL_CONFIG            41c00100   00000080  00000000  00000080  R   


SEGMENT ALLOCATION MAP

run origin  load origin   length   init length attrs members
----------  ----------- ---------- ----------- ----- -------
00000000    00000000    00004ea8   00004ea8    r-x
  00000000    00000000    000000c0   000000c0    r-- .intvecs
  000000c0    000000c0    000035b0   000035b0    r-x .text
  00003670    00003670    00001808   00001808    r-- .rodata
  00004e78    00004e78    00000030   00000030    r-- .cinit
20200000    20200000    00000498   00000000    rw-
  20200000    20200000    00000491   00000000    rw- .bss
  20200494    20200494    00000004   00000000    rw- .data
20207e00    20207e00    00000200   00000000    rw-
  20207e00    20207e00    00000200   00000000    rw- .stack


SECTION ALLOCATION MAP

 output                                  attributes/
section   page    origin      length       input sections
--------  ----  ----------  ----------   ----------------
.intvecs   0    00000000    000000c0     
                  00000000    000000c0     startup_mspm0g350x_ticlang.o (.intvecs)

.text      0    000000c0    000035b0     
                  000000c0    000015f4     oled.o (.text.OLED_Init)
                  000016b4    00000a90     oled.o (.text.OLED_Clear)
                  00002144    00000250     oled.o (.text.OLED_Refresh)
                  00002394    00000250     oled.o (.text.OLED_ShowNum)
                  000025e4    000001a0     oled.o (.text.OLED_ShowChar)
                  00002784    0000011a     empty.o (.text.OLED_ShowSignedFloat)
                  0000289e    00000002     startup_mspm0g350x_ticlang.o (.text.Default_Handler)
                  000028a0    00000110     gyro.o (.text.GYRO_Poll)
                  000029b0    00000104     driverlib.a : dl_timer.o (.text.DL_Timer_initFourCCPWMMode)
                  00002ab4    000000d8     libclang_rt.builtins.a : addsf3.S.obj (.text)
                  00002b8c    0000009a     libc.a : memcpy16.S.obj (.text:memcpy)
                  00002c26    00000002     libclang_rt.builtins.a : aeabi_div0.c.obj (.text.__aeabi_idiv0)
                  00002c28    0000008c     ti_msp_dl_config.o (.text.SYSCFG_DL_PWM_0_init)
                  00002cb4    0000008c     libclang_rt.builtins.a : mulsf3.S.obj (.text.__mulsf3)
                  00002d40    00000088     empty.o (.text.display_update)
                  00002dc8    0000007c     libc.a : copy_decompress_lzss.c.obj (.text:decompress:lzss)
                  00002e44    00000070     empty.o (.text.main)
                  00002eb4    00000068     ti_msp_dl_config.o (.text.SYSCFG_DL_GPIO_init)
                  00002f1c    00000062     libclang_rt.builtins.a : aeabi_fcmp.S.obj (.text.__aeabi_fcmp)
                  00002f7e    00000062     libc.a : memset16.S.obj (.text:memset)
                  00002fe0    00000060     oled.o (.text.OLED_ShowString)
                  00003040    00000060     ti_msp_dl_config.o (.text.SYSCFG_DL_UART_0_init)
                  000030a0    00000060     ti_msp_dl_config.o (.text.SYSCFG_DL_UART_2_init)
                  00003100    0000005e     driverlib.a : dl_i2c.o (.text.DL_I2C_fillControllerTXFIFO)
                  0000315e    00000002     --HOLE-- [fill = 0]
                  00003160    00000054     ti_msp_dl_config.o (.text.SYSCFG_DL_OLED_init)
                  000031b4    00000054     ti_msp_dl_config.o (.text.SYSCFG_DL_initPower)
                  00003208    00000048     driverlib.a : dl_uart.o (.text.DL_UART_init)
                  00003250    00000040     ti_msp_dl_config.o (.text.SYSCFG_DL_SYSCTL_init)
                  00003290    00000040     libclang_rt.builtins.a : aeabi_uidivmod.S.obj (.text.__aeabi_uidivmod)
                  000032d0    00000040     delay.o (.text.delay_ms)
                  00003310    0000003c     libclang_rt.builtins.a : floatsisf.S.obj (.text.__floatsisf)
                  0000334c    0000003c                            : comparesf2.S.obj (.text.__gtsf2)
                  00003388    0000003c     libc.a : autoinit.c.obj (.text:__TI_auto_init_nobinit_nopinit)
                  000033c4    0000003a     libclang_rt.builtins.a : comparesf2.S.obj (.text.__eqsf2)
                  000033fe    00000002     --HOLE-- [fill = 0]
                  00003400    0000003a                            : muldsi3.S.obj (.text.__muldsi3)
                  0000343a    00000002     --HOLE-- [fill = 0]
                  0000343c    00000038                            : fixsfsi.S.obj (.text.__fixsfsi)
                  00003474    00000032                            : fixunssfsi.S.obj (.text.__fixunssfsi)
                  000034a6    00000002     --HOLE-- [fill = 0]
                  000034a8    0000002c     gyro.o (.text.GYRO_Init)
                  000034d4    00000028     libclang_rt.builtins.a : floatunsisf.S.obj (.text.__floatunsisf)
                  000034fc    00000028     libc.a : boot_cortex_m.c.obj (.text:_c_int00_noargs)
                  00003524    00000026     driverlib.a : dl_i2c.o (.text.DL_I2C_setClockConfig)
                  0000354a    00000024     ti_msp_dl_config.o (.text.SYSCFG_DL_init)
                  0000356e    00000002     --HOLE-- [fill = 0]
                  00003570    0000001c     driverlib.a : dl_timer.o (.text.DL_Timer_setCaptCompUpdateMethod)
                  0000358c    0000001c                 : dl_timer.o (.text.DL_Timer_setClockConfig)
                  000035a8    0000001c     ti_msp_dl_config.o (.text.SYSCFG_DL_SYSTICK_init)
                  000035c4    00000018     driverlib.a : dl_timer.o (.text.DL_Timer_setCaptureCompareOutCtl)
                  000035dc    00000012                 : dl_uart.o (.text.DL_UART_setClockConfig)
                  000035ee    00000012     libc.a : copy_decompress_none.c.obj (.text:decompress:none)
                  00003600    00000010     driverlib.a : dl_timer.o (.text.DL_Timer_setCaptureCompareValue)
                  00003610    00000010     libc.a : copy_zero_init.c.obj (.text:decompress:ZI)
                  00003620    0000000c     gyro.o (.text.GYRO_GetWz)
                  0000362c    0000000c     gyro.o (.text.GYRO_GetYaw)
                  00003638    0000000c     libclang_rt.builtins.a : aeabi_memset.S.obj (.text.__aeabi_memclr)
                  00003644    0000000a     driverlib.a : dl_common.o (.text.DL_Common_delayCycles)
                  0000364e    00000002     --HOLE-- [fill = 0]
                  00003650    00000008     libclang_rt.builtins.a : aeabi_memcpy.S.obj (.text.__aeabi_memcpy)
                  00003658    00000006     libc.a : exit.c.obj (.text:abort)
                  0000365e    00000004     libsysbm.a : hostexit.c.obj (.text.HOSTexit)
                  00003662    00000004     startup_mspm0g350x_ticlang.o (.text.Reset_Handler)
                  00003666    00000004     libc.a : pre_init.c.obj (.text._system_pre_init)
                  0000366a    00000006     --HOLE-- [fill = 0]

.cinit     0    00004e78    00000030     
                  00004e78    0000000c     (__TI_handler_table)
                  00004e84    00000008     (.cinit..bss.load) [load image, compression = zero_init]
                  00004e8c    00000007     (.cinit..data.load) [load image, compression = lzss]
                  00004e93    00000001     --HOLE-- [fill = 0]
                  00004e94    00000010     (__TI_cinit_table)
                  00004ea4    00000004     --HOLE-- [fill = 0]

.rodata    0    00003670    00001808     
                  00003670    00000d5c     oled.o (.rodata.asc2_2412)
                  000043cc    000005f0     oled.o (.rodata.asc2_1608)
                  000049bc    00000474     oled.o (.rodata.asc2_1206)
                  00004e30    0000000d     empty.o (.rodata.str1.11898133897667081452.1)
                  00004e3d    00000001     --HOLE-- [fill = 0]
                  00004e3e    0000000a     ti_msp_dl_config.o (.rodata.gUART_0Config)
                  00004e48    0000000a     ti_msp_dl_config.o (.rodata.gUART_2Config)
                  00004e52    0000000a     empty.o (.rodata.str1.9517790425240694019.1)
                  00004e5c    00000008     ti_msp_dl_config.o (.rodata.gPWM_0Config)
                  00004e64    00000004     empty.o (.rodata.str1.14685083708502177989.1)
                  00004e68    00000003     ti_msp_dl_config.o (.rodata.gPWM_0ClockConfig)
                  00004e6b    00000003     empty.o (.rodata.str1.17669528882079347314.1)
                  00004e6e    00000003     empty.o (.rodata.str1.254342170260855183.1)
                  00004e71    00000002     ti_msp_dl_config.o (.rodata.gOLEDClockConfig)
                  00004e73    00000002     ti_msp_dl_config.o (.rodata.gUART_0ClockConfig)
                  00004e75    00000002     ti_msp_dl_config.o (.rodata.gUART_2ClockConfig)
                  00004e77    00000001     --HOLE-- [fill = 0]

.init_array 
*          0    00000000    00000000     UNINITIALIZED

.binit     0    00000000    00000000     

.bss       0    20200000    00000491     UNINITIALIZED
                  20200000    00000480     (.common:OLED_GRAM)
                  20200480    00000004     gyro.o (.bss.gyro_data.0)
                  20200484    00000004     gyro.o (.bss.gyro_data.1)
                  20200488    00000001     gyro.o (.bss.frame_dh)
                  20200489    00000001     gyro.o (.bss.frame_dl)
                  2020048a    00000001     gyro.o (.bss.frame_type)
                  2020048b    00000001     gyro.o (.bss.state)
                  2020048c    00000001     gyro.o (.bss.gyro_data.4)
                  2020048d    00000003     --HOLE--
                  20200490    00000001     gyro.o (.bss.gyro_data.5)

.data      0    20200494    00000004     UNINITIALIZED
                  20200494    00000004     empty.o (.data.main.loop_cnt)

.stack     0    20207e00    00000200     UNINITIALIZED
                  20207e00    00000004     libc.a : boot_cortex_m.c.obj (.stack)
                  20207e04    000001fc     --HOLE--

__llvm_prf_cnts 
*          0    20200000    00000000     UNINITIALIZED

__llvm_prf_bits 
*          0    20200000    00000000     UNINITIALIZED

MODULE SUMMARY

       Module                         code    ro data   rw data
       ------                         ----    -------   -------
    .\
       oled.o                         10020   6080      1152   
       ti_msp_dl_config.o             732     37        0      
       empty.o                        530     33        4      
       gyro.o                         340     0         14     
       startup_mspm0g350x_ticlang.o   6       192       0      
       delay.o                        64      0         0      
    +--+------------------------------+-------+---------+---------+
       Total:                         11692   6342      1170   
                                                               
    D:/ti/mspm0_sdk_2_10_00_04/source/ti/driverlib/lib/ticlang/m0p/mspm0g1x0x_g3x0x/driverlib.a
       dl_timer.o                     356     0         0      
       dl_i2c.o                       132     0         0      
       dl_uart.o                      90      0         0      
       dl_common.o                    10      0         0      
    +--+------------------------------+-------+---------+---------+
       Total:                         588     0         0      
                                                               
    D:\ti\ccs2050\ccs\tools\compiler\ti-cgt-armllvm_4.0.4.LTS\lib\armv6m-ti-none-eabi/c/libc.a
       memcpy16.S.obj                 154     0         0      
       copy_decompress_lzss.c.obj     124     0         0      
       memset16.S.obj                 98      0         0      
       autoinit.c.obj                 60      0         0      
       boot_cortex_m.c.obj            40      0         0      
       copy_decompress_none.c.obj     18      0         0      
       copy_zero_init.c.obj           16      0         0      
       exit.c.obj                     6       0         0      
       pre_init.c.obj                 4       0         0      
    +--+------------------------------+-------+---------+---------+
       Total:                         520     0         0      
                                                               
    D:\ti\ccs2050\ccs\tools\compiler\ti-cgt-armllvm_4.0.4.LTS\lib\armv6m-ti-none-eabi/c/libsysbm.a
       hostexit.c.obj                 4       0         0      
    +--+------------------------------+-------+---------+---------+
       Total:                         4       0         0      
                                                               
    D:\ti\ccs2050\ccs\tools\compiler\ti-cgt-armllvm_4.0.4.LTS\lib\armv6m-ti-none-eabi/libclang_rt.builtins.a
       addsf3.S.obj                   216     0         0      
       mulsf3.S.obj                   140     0         0      
       comparesf2.S.obj               118     0         0      
       aeabi_fcmp.S.obj               98      0         0      
       aeabi_uidivmod.S.obj           64      0         0      
       floatsisf.S.obj                60      0         0      
       muldsi3.S.obj                  58      0         0      
       fixsfsi.S.obj                  56      0         0      
       fixunssfsi.S.obj               50      0         0      
       floatunsisf.S.obj              40      0         0      
       aeabi_memset.S.obj             12      0         0      
       aeabi_memcpy.S.obj             8       0         0      
       aeabi_div0.c.obj               2       0         0      
    +--+------------------------------+-------+---------+---------+
       Total:                         922     0         0      
                                                               
       Stack:                         0       0         512    
       Linker Generated:              0       43        0      
    +--+------------------------------+-------+---------+---------+
       Grand Total:                   13726   6385      1682   


LINKER GENERATED COPY TABLES

__TI_cinit_table @ 00004e94 records: 2, size/record: 8, table size: 16
	.bss: load addr=00004e84, load size=00000008 bytes, run addr=20200000, run size=00000491 bytes, compression=zero_init
	.data: load addr=00004e8c, load size=00000007 bytes, run addr=20200494, run size=00000004 bytes, compression=lzss


LINKER GENERATED HANDLER TABLE

__TI_handler_table @ 00004e78 records: 3, size/record: 4, table size: 12
	index: 0, handler: __TI_decompress_lzss
	index: 1, handler: __TI_decompress_none
	index: 2, handler: __TI_zero_init


GLOBAL SYMBOLS: SORTED ALPHABETICALLY BY Name 

address   name                            
-------   ----                            
0000289f  ADC0_IRQHandler                 
0000289f  ADC1_IRQHandler                 
0000289f  AES_IRQHandler                  
0000365e  C$$EXIT                         
0000289f  CANFD0_IRQHandler               
0000289f  DAC0_IRQHandler                 
00003645  DL_Common_delayCycles           
00003101  DL_I2C_fillControllerTXFIFO     
00003525  DL_I2C_setClockConfig           
000029b1  DL_Timer_initFourCCPWMMode      
00003571  DL_Timer_setCaptCompUpdateMethod
000035c5  DL_Timer_setCaptureCompareOutCtl
00003601  DL_Timer_setCaptureCompareValue 
0000358d  DL_Timer_setClockConfig         
00003209  DL_UART_init                    
000035dd  DL_UART_setClockConfig          
0000289f  DMA_IRQHandler                  
0000289f  Default_Handler                 
0000289f  GROUP0_IRQHandler               
0000289f  GROUP1_IRQHandler               
00003621  GYRO_GetWz                      
0000362d  GYRO_GetYaw                     
000034a9  GYRO_Init                       
000028a1  GYRO_Poll                       
0000365f  HOSTexit                        
0000289f  HardFault_Handler               
0000289f  I2C0_IRQHandler                 
0000289f  I2C1_IRQHandler                 
0000289f  NMI_Handler                     
000016b5  OLED_Clear                      
20200000  OLED_GRAM                       
000000c1  OLED_Init                       
00002145  OLED_Refresh                    
000025e5  OLED_ShowChar                   
00002395  OLED_ShowNum                    
00002fe1  OLED_ShowString                 
0000289f  PendSV_Handler                  
0000289f  RTC_IRQHandler                  
00003663  Reset_Handler                   
0000289f  SPI0_IRQHandler                 
0000289f  SPI1_IRQHandler                 
0000289f  SVC_Handler                     
00002eb5  SYSCFG_DL_GPIO_init             
00003161  SYSCFG_DL_OLED_init             
00002c29  SYSCFG_DL_PWM_0_init            
00003251  SYSCFG_DL_SYSCTL_init           
000035a9  SYSCFG_DL_SYSTICK_init          
00003041  SYSCFG_DL_UART_0_init           
000030a1  SYSCFG_DL_UART_2_init           
0000354b  SYSCFG_DL_init                  
000031b5  SYSCFG_DL_initPower             
0000289f  SysTick_Handler                 
0000289f  TIMA0_IRQHandler                
0000289f  TIMA1_IRQHandler                
0000289f  TIMG0_IRQHandler                
0000289f  TIMG12_IRQHandler               
0000289f  TIMG6_IRQHandler                
0000289f  TIMG7_IRQHandler                
0000289f  TIMG8_IRQHandler                
0000289f  UART0_IRQHandler                
0000289f  UART1_IRQHandler                
0000289f  UART2_IRQHandler                
0000289f  UART3_IRQHandler                
20208000  __STACK_END                     
00000200  __STACK_SIZE                    
00000000  __TI_ATRegion0_region_sz        
00000000  __TI_ATRegion0_src_addr         
00000000  __TI_ATRegion0_trg_addr         
00000000  __TI_ATRegion1_region_sz        
00000000  __TI_ATRegion1_src_addr         
00000000  __TI_ATRegion1_trg_addr         
00000000  __TI_ATRegion2_region_sz        
00000000  __TI_ATRegion2_src_addr         
00000000  __TI_ATRegion2_trg_addr         
00004e94  __TI_CINIT_Base                 
00004ea4  __TI_CINIT_Limit                
00004ea4  __TI_CINIT_Warm                 
00004e78  __TI_Handler_Table_Base         
00004e84  __TI_Handler_Table_Limit        
00003389  __TI_auto_init_nobinit_nopinit  
00002dc9  __TI_decompress_lzss            
000035ef  __TI_decompress_none            
ffffffff  __TI_pprof_out_hndl             
ffffffff  __TI_prof_data_size             
ffffffff  __TI_prof_data_start            
00000000  __TI_static_base__              
00003611  __TI_zero_init                  
00002abf  __addsf3                        
0000343d  __aeabi_f2iz                    
00003475  __aeabi_f2uiz                   
00002abf  __aeabi_fadd                    
00002f1d  __aeabi_fcmpeq                  
00002f59  __aeabi_fcmpge                  
00002f6d  __aeabi_fcmpgt                  
00002f45  __aeabi_fcmple                  
00002f31  __aeabi_fcmplt                  
00002cb5  __aeabi_fmul                    
00002ab5  __aeabi_fsub                    
00003311  __aeabi_i2f                     
00002c27  __aeabi_idiv0                   
00003639  __aeabi_memclr                  
00003639  __aeabi_memclr4                 
00003639  __aeabi_memclr8                 
00003651  __aeabi_memcpy                  
00003651  __aeabi_memcpy4                 
00003651  __aeabi_memcpy8                 
000034d5  __aeabi_ui2f                    
00003291  __aeabi_uidiv                   
00003291  __aeabi_uidivmod                
ffffffff  __binit__                       
000033c5  __cmpsf2                        
000033c5  __eqsf2                         
0000343d  __fixsfsi                       
00003475  __fixunssfsi                    
00003311  __floatsisf                     
000034d5  __floatunsisf                   
0000334d  __gesf2                         
0000334d  __gtsf2                         
000033c5  __lesf2                         
000033c5  __ltsf2                         
UNDEFED   __mpu_init                      
00003401  __muldsi3                       
00002cb5  __mulsf3                        
000033c5  __nesf2                         
20207e00  __stack                         
20200000  __start___llvm_prf_bits         
20200000  __start___llvm_prf_cnts         
20200000  __stop___llvm_prf_bits          
20200000  __stop___llvm_prf_cnts          
00002ab5  __subsf3                        
000034fd  _c_int00_noargs                 
UNDEFED   _system_post_cinit              
00003667  _system_pre_init                
00003659  abort                           
000049bc  asc2_1206                       
000043cc  asc2_1608                       
00003670  asc2_2412                       
ffffffff  binit                           
000032d1  delay_ms                        
00000000  interruptVectors                
00002e45  main                            
00002b8d  memcpy                          
00002f7f  memset                          


GLOBAL SYMBOLS: SORTED BY Symbol Address 

address   name                            
-------   ----                            
00000000  __TI_ATRegion0_region_sz        
00000000  __TI_ATRegion0_src_addr         
00000000  __TI_ATRegion0_trg_addr         
00000000  __TI_ATRegion1_region_sz        
00000000  __TI_ATRegion1_src_addr         
00000000  __TI_ATRegion1_trg_addr         
00000000  __TI_ATRegion2_region_sz        
00000000  __TI_ATRegion2_src_addr         
00000000  __TI_ATRegion2_trg_addr         
00000000  __TI_static_base__              
00000000  interruptVectors                
000000c1  OLED_Init                       
00000200  __STACK_SIZE                    
000016b5  OLED_Clear                      
00002145  OLED_Refresh                    
00002395  OLED_ShowNum                    
000025e5  OLED_ShowChar                   
0000289f  ADC0_IRQHandler                 
0000289f  ADC1_IRQHandler                 
0000289f  AES_IRQHandler                  
0000289f  CANFD0_IRQHandler               
0000289f  DAC0_IRQHandler                 
0000289f  DMA_IRQHandler                  
0000289f  Default_Handler                 
0000289f  GROUP0_IRQHandler               
0000289f  GROUP1_IRQHandler               
0000289f  HardFault_Handler               
0000289f  I2C0_IRQHandler                 
0000289f  I2C1_IRQHandler                 
0000289f  NMI_Handler                     
0000289f  PendSV_Handler                  
0000289f  RTC_IRQHandler                  
0000289f  SPI0_IRQHandler                 
0000289f  SPI1_IRQHandler                 
0000289f  SVC_Handler                     
0000289f  SysTick_Handler                 
0000289f  TIMA0_IRQHandler                
0000289f  TIMA1_IRQHandler                
0000289f  TIMG0_IRQHandler                
0000289f  TIMG12_IRQHandler               
0000289f  TIMG6_IRQHandler                
0000289f  TIMG7_IRQHandler                
0000289f  TIMG8_IRQHandler                
0000289f  UART0_IRQHandler                
0000289f  UART1_IRQHandler                
0000289f  UART2_IRQHandler                
0000289f  UART3_IRQHandler                
000028a1  GYRO_Poll                       
000029b1  DL_Timer_initFourCCPWMMode      
00002ab5  __aeabi_fsub                    
00002ab5  __subsf3                        
00002abf  __addsf3                        
00002abf  __aeabi_fadd                    
00002b8d  memcpy                          
00002c27  __aeabi_idiv0                   
00002c29  SYSCFG_DL_PWM_0_init            
00002cb5  __aeabi_fmul                    
00002cb5  __mulsf3                        
00002dc9  __TI_decompress_lzss            
00002e45  main                            
00002eb5  SYSCFG_DL_GPIO_init             
00002f1d  __aeabi_fcmpeq                  
00002f31  __aeabi_fcmplt                  
00002f45  __aeabi_fcmple                  
00002f59  __aeabi_fcmpge                  
00002f6d  __aeabi_fcmpgt                  
00002f7f  memset                          
00002fe1  OLED_ShowString                 
00003041  SYSCFG_DL_UART_0_init           
000030a1  SYSCFG_DL_UART_2_init           
00003101  DL_I2C_fillControllerTXFIFO     
00003161  SYSCFG_DL_OLED_init             
000031b5  SYSCFG_DL_initPower             
00003209  DL_UART_init                    
00003251  SYSCFG_DL_SYSCTL_init           
00003291  __aeabi_uidiv                   
00003291  __aeabi_uidivmod                
000032d1  delay_ms                        
00003311  __aeabi_i2f                     
00003311  __floatsisf                     
0000334d  __gesf2                         
0000334d  __gtsf2                         
00003389  __TI_auto_init_nobinit_nopinit  
000033c5  __cmpsf2                        
000033c5  __eqsf2                         
000033c5  __lesf2                         
000033c5  __ltsf2                         
000033c5  __nesf2                         
00003401  __muldsi3                       
0000343d  __aeabi_f2iz                    
0000343d  __fixsfsi                       
00003475  __aeabi_f2uiz                   
00003475  __fixunssfsi                    
000034a9  GYRO_Init                       
000034d5  __aeabi_ui2f                    
000034d5  __floatunsisf                   
000034fd  _c_int00_noargs                 
00003525  DL_I2C_setClockConfig           
0000354b  SYSCFG_DL_init                  
00003571  DL_Timer_setCaptCompUpdateMethod
0000358d  DL_Timer_setClockConfig         
000035a9  SYSCFG_DL_SYSTICK_init          
000035c5  DL_Timer_setCaptureCompareOutCtl
000035dd  DL_UART_setClockConfig          
000035ef  __TI_decompress_none            
00003601  DL_Timer_setCaptureCompareValue 
00003611  __TI_zero_init                  
00003621  GYRO_GetWz                      
0000362d  GYRO_GetYaw                     
00003639  __aeabi_memclr                  
00003639  __aeabi_memclr4                 
00003639  __aeabi_memclr8                 
00003645  DL_Common_delayCycles           
00003651  __aeabi_memcpy                  
00003651  __aeabi_memcpy4                 
00003651  __aeabi_memcpy8                 
00003659  abort                           
0000365e  C$$EXIT                         
0000365f  HOSTexit                        
00003663  Reset_Handler                   
00003667  _system_pre_init                
00003670  asc2_2412                       
000043cc  asc2_1608                       
000049bc  asc2_1206                       
00004e78  __TI_Handler_Table_Base         
00004e84  __TI_Handler_Table_Limit        
00004e94  __TI_CINIT_Base                 
00004ea4  __TI_CINIT_Limit                
00004ea4  __TI_CINIT_Warm                 
20200000  OLED_GRAM                       
20200000  __start___llvm_prf_bits         
20200000  __start___llvm_prf_cnts         
20200000  __stop___llvm_prf_bits          
20200000  __stop___llvm_prf_cnts          
20207e00  __stack                         
20208000  __STACK_END                     
ffffffff  __TI_pprof_out_hndl             
ffffffff  __TI_prof_data_size             
ffffffff  __TI_prof_data_start            
ffffffff  __binit__                       
ffffffff  binit                           
UNDEFED   __mpu_init                      
UNDEFED   _system_post_cinit              

[143 symbols]
